Component: ARM Compiler 5.06 update 3 (build 300) Tool: armlink [4d35c9]

==============================================================================

Section Cross References

    main.o(i.Task1) refers to sd_delay.o(i.msDelay) for msDelay
    main.o(i.Task1) refers to printf.o(i.dprintf) for dprintf
    main.o(i.Task1) refers to main.o(.data) for Count1
    main.o(i.Task2) refers to sd_delay.o(i.msDelay) for msDelay
    main.o(i.Task2) refers to printf.o(i.dprintf) for dprintf
    main.o(i.Task2) refers to main.o(.data) for Count2
    main.o(i.Task3) refers to sd_delay.o(i.msDelay) for msDelay
    main.o(i.Task3) refers to printf.o(i.dprintf) for dprintf
    main.o(i.Task3) refers to main.o(.data) for Count3
    main.o(i.Task4) refers to sd_delay.o(i.msDelay) for msDelay
    main.o(i.Task4) refers to printf.o(i.dprintf) for dprintf
    main.o(i.Task4) refers to main.o(.data) for Count4
    main.o(i.Task5) refers to arm_cm4.o(i.enable_irq) for enable_irq
    main.o(i.Task5) refers to sd_i2c.o(i.u8MMA7660ReadRegister) for u8MMA7660ReadRegister
    main.o(i.Task5) refers to arm_cm4.o(i.disable_irq) for disable_irq
    main.o(i.Task5) refers to printf.o(i.dprintf) for dprintf
    main.o(i.Task5) refers to sd_delay.o(i.msDelay) for msDelay
    main.o(i.Task5) refers to main.o(.data) for Count5
    main.o(i.main) refers to os.o(i.OS_Init) for OS_Init
    main.o(i.main) refers to sd_tsi.o(i.TSI_Init) for TSI_Init
    main.o(i.main) refers to sd_gpio.o(i.gpio_init) for gpio_init
    main.o(i.main) refers to sd_uart.o(i.uart_port_init) for uart_port_init
    main.o(i.main) refers to sd_uart.o(i.uart5_init) for uart5_init
    main.o(i.main) refers to sd_uart.o(i.SDprint) for SDprint
    main.o(i.main) refers to sd_i2c.o(i.I2C_init) for I2C_init
    main.o(i.main) refers to arm_cm4.o(i.enable_irq) for enable_irq
    main.o(i.main) refers to sd_i2c.o(i.MMA7660WriteRegister) for MMA7660WriteRegister
    main.o(i.main) refers to arm_cm4.o(i.disable_irq) for disable_irq
    main.o(i.main) refers to sd_tsi.o(i.TSI_SelfCalibration) for TSI_SelfCalibration
    main.o(i.main) refers to sd_delay.o(i.msDelay) for msDelay
    os.o(i.OS_AddThreads) refers to startup_mk60d10.o(.text) for StartCritical
    os.o(i.OS_AddThreads) refers to os.o(i.SetInitialStack) for SetInitialStack
    os.o(i.OS_AddThreads) refers to os.o(.bss) for tcbs
    os.o(i.OS_AddThreads) refers to os.o(.data) for RunPt
    os.o(i.OS_Init) refers to osasm.o(.text) for OS_DisableInterrupts
    os.o(i.OS_Init) refers to sd_clk.o(i.sys_clk_init) for sys_clk_init
    os.o(i.OS_Launch) refers to osasm.o(.text) for StartOS
    os.o(i.SetInitialStack) refers to os.o(.bss) for Stacks
    osasm.o(.text) refers to os.o(.data) for RunPt
    sd_clk.o(i.sys_clk_init) refers to sd_clk.o(i.set_sys_dividers) for set_sys_dividers
    sd_dac.o(i.DACx_Buff_write) refers to printf.o(i.dprintf) for dprintf
    sd_dac.o(i.DACx_init) refers to sd_dac.o(i.VREF_init) for VREF_init
    sd_dac.o(i.DACx_register_reset) refers to sd_dac.o(i.DACx_Buff_write) for DACx_Buff_write
    sd_delay.o(i.msDelay) refers to sd_delay.o(i.lptmr_init) for lptmr_init
    sd_flash.o(i.Test_Program_Flash_RAM_Sector) refers to sd_flash.o(i.Program_Flash_Sector) for Program_Flash_Sector
    sd_pit.o(i.PIT0_IRQHandler) refers to sd_pit.o(i.PIT0_CBR) for PIT0_CBR
    sd_pit.o(i.PIT1_IRQHandler) refers to sd_pit.o(i.PIT1_CBR) for PIT1_CBR
    sd_pit.o(i.PIT_init) refers to sd_pit.o(i.delayAdapter) for delayAdapter
    sd_pit.o(i.PIT_init) refers to arm_cm4.o(i.enable_irq) for enable_irq
    sd_pit.o(i.PIT_init) refers to arm_cm4.o(i.set_irq_priority) for set_irq_priority
    sd_uart.o(i.SDprint) refers to sd_uart.o(i.uart_putChar) for uart_putChar
    sd_spi.o(i.SpiNVICEnable) refers to arm_cm4.o(i.enable_irq) for enable_irq
    sd_spi.o(i.spi_init) refers to sd_spi.o(i.spi_pin_init) for spi_pin_init
    sd_spi.o(i.spi_init) refers to sd_spi.o(i.SpiDisable) for SpiDisable
    sd_spi.o(i.spi_init) refers to sd_spi.o(i.SpiSetMode) for SpiSetMode
    sd_spi.o(i.spi_init) refers to sd_spi.o(i.SpiEnableReceiver) for SpiEnableReceiver
    sd_spi.o(i.spi_init) refers to sd_spi.o(i.SpiSetRxFifo) for SpiSetRxFifo
    sd_spi.o(i.spi_init) refers to sd_spi.o(i.SpiSetTxFifo) for SpiSetTxFifo
    sd_spi.o(i.spi_init) refers to sd_spi.o(i.SpiClrFifoCounter) for SpiClrFifoCounter
    sd_spi.o(i.spi_init) refers to sd_spi.o(i.SpiSetPCS) for SpiSetPCS
    sd_spi.o(i.spi_init) refers to sd_spi.o(i.SpiSetFrameSize) for SpiSetFrameSize
    sd_spi.o(i.spi_init) refers to sd_spi.o(i.SpiSetBaudRate) for SpiSetBaudRate
    sd_spi.o(i.spi_init) refers to sd_spi.o(i.SpiSetClockPhase) for SpiSetClockPhase
    sd_spi.o(i.spi_init) refers to sd_spi.o(i.SpiSetClockPolarity) for SpiSetClockPolarity
    sd_spi.o(i.spi_init) refers to sd_spi.o(i.SpiSetShiftPriority) for SpiSetShiftPriority
    sd_spi.o(i.spi_init) refers to sd_spi.o(i.SpiSetDelayAfterTX) for SpiSetDelayAfterTX
    sd_spi.o(i.spi_init) refers to sd_spi.o(i.SpiSetDelayAfterSCK) for SpiSetDelayAfterSCK
    sd_spi.o(i.spi_init) refers to sd_spi.o(i.SpiSetDelayAfterCS) for SpiSetDelayAfterCS
    sd_spi.o(i.spi_init) refers to sd_spi.o(i.SpiSetDelayAfterPCSSCK) for SpiSetDelayAfterPCSSCK
    sd_spi.o(i.spi_init) refers to sd_spi.o(i.SpiSetDelayAfterPASC) for SpiSetDelayAfterPASC
    sd_spi.o(i.spi_init) refers to sd_spi.o(i.SpiSetDelayAfterPDT) for SpiSetDelayAfterPDT
    sd_spi.o(i.spi_init) refers to sd_spi.o(i.SpiEnable) for SpiEnable
    sd_spi.o(i.spi_receive_string) refers to sd_spi.o(i.spi_getbyte) for spi_getbyte
    sd_spi.o(i.spi_send_string) refers to sd_spi.o(i.spi_putbyte) for spi_putbyte
    sd_i2c.o(i.MMA7660WriteRegister) refers to sd_i2c.o(i.I2C_Tx_init) for I2C_Tx_init
    sd_i2c.o(i.MMA7660WriteRegister) refers to sd_delay.o(i.msDelay) for msDelay
    sd_i2c.o(i.u8MMA7660ReadRegister) refers to sd_i2c.o(i.I2C_Tx_init) for I2C_Tx_init
    sd_i2c.o(i.u8MMA7660ReadRegister) refers to sd_delay.o(i.msDelay) for msDelay
    sd_tsi.o(i.TSI_Init) refers to arm_cm4.o(i.enable_irq) for enable_irq
    sd_tsi.o(i.TSI_SelfCalibration) refers to sd_delay.o(i.msDelay) for msDelay
    sd_tsi.o(i.TSI_SelfCalibration) refers to sd_tsi.o(.bss) for g16ElectrodeBaseline
    sd_tsi.o(i.TSI_isr) refers to sd_tsi.o(.bss) for g16ElectrodeTouch
    sd_tsi.o(i.TSI_isr) refers to sd_tsi.o(.data) for TouchEvent
    arm_cm4.o(i.disable_irq) refers to printf.o(i.dprintf) for dprintf
    arm_cm4.o(i.enable_irq) refers to printf.o(i.dprintf) for dprintf
    arm_cm4.o(i.set_irq_priority) refers to printf.o(i.dprintf) for dprintf
    printf.o(i.dprintf) refers to printf.o(i.printk) for printk
    printf.o(i.dprintf) refers to io.o(i.out_char) for out_char
    printf.o(i.printk) refers to printf.o(i.printk_putc) for printk_putc
    printf.o(i.printk) refers to printf.o(i.printk_mknumstr) for printk_mknumstr
    printf.o(i.printk) refers to printf.o(i.printk_pad_zero) for printk_pad_zero
    printf.o(i.printk) refers to printf.o(i.printk_pad_space) for printk_pad_space
    printf.o(i.printk) refers to stdlib.o(i.strlen) for strlen
    printf.o(i.printk_pad_space) refers to printf.o(i.printk_putc) for printk_putc
    printf.o(i.printk_pad_zero) refers to printf.o(i.printk_putc) for printk_putc
    printf.o(i.sprintf) refers to printf.o(i.printk) for printk
    stdlib.o(i.strcat) refers to stdlib.o(i.strlen) for strlen
    stdlib.o(i.strncat) refers to stdlib.o(i.strlen) for strlen
    stdlib.o(i.strtoul) refers to stdlib.o(i.isspace) for isspace
    stdlib.o(i.strtoul) refers to stdlib.o(i.isalnum) for isalnum
    stdlib.o(i.strtoul) refers to stdlib.o(i.isdigit) for isdigit
    stdlib.o(i.strtoul) refers to stdlib.o(i.isupper) for isupper
    uif.o(i.get_line) refers to io.o(i.in_char) for in_char
    uif.o(i.get_line) refers to io.o(i.out_char) for out_char
    uif.o(i.get_value) refers to stdlib.o(i.strtoul) for strtoul
    uif.o(i.run_cmd) refers to uif.o(i.get_line) for get_line
    uif.o(i.run_cmd) refers to uif.o(i.make_argv) for make_argv
    uif.o(i.run_cmd) refers to stdlib.o(i.strcpy) for strcpy
    uif.o(i.run_cmd) refers to stdlib.o(i.strcasecmp) for strcasecmp
    uif.o(i.run_cmd) refers to printf.o(i.dprintf) for dprintf
    uif.o(i.run_cmd) refers to uif.o(.bss) for cmdline1
    uif.o(i.run_cmd) refers to uif.o(.constdata) for UIF_CMDTAB
    uif.o(i.uif_cmd_help) refers to printf.o(i.dprintf) for dprintf
    uif.o(i.uif_cmd_help) refers to uif.o(.constdata) for UIF_CMDTAB
    uif.o(i.uif_cmd_set) refers to printf.o(i.dprintf) for dprintf
    uif.o(i.uif_cmd_set) refers to stdlib.o(i.strcasecmp) for strcasecmp
    uif.o(i.uif_cmd_set) refers to uif.o(.constdata) for UIF_SETCMDTAB
    uif.o(i.uif_cmd_show) refers to printf.o(i.dprintf) for dprintf
    uif.o(i.uif_cmd_show) refers to stdlib.o(i.strcasecmp) for strcasecmp
    uif.o(i.uif_cmd_show) refers to uif.o(.constdata) for UIF_SETCMDTAB
    sd_trigno.o(i.SD_modf) refers to dfix.o(x$fpl$dfix) for __aeabi_d2iz
    sd_trigno.o(i.SD_modf) refers to dflt_clz.o(x$fpl$dflt) for __aeabi_i2d
    sd_trigno.o(i.SD_modf) refers to daddsub_clz.o(x$fpl$drsb) for __aeabi_drsub
    sd_trigno.o(i.SD_negative_half_sin) refers to dleqf.o(x$fpl$dleqf) for __aeabi_cdcmple
    sd_trigno.o(i.SD_negative_half_sin) refers to sd_trigno.o(i.deg_2_Rad) for deg_2_Rad
    sd_trigno.o(i.SD_negative_half_sin) refers to sd_trigno.o(i.sin) for sin
    sd_trigno.o(i.SD_negative_half_sin) refers to dmul.o(x$fpl$dmul) for __aeabi_dmul
    sd_trigno.o(i.SD_negative_half_sin) refers to daddsub_clz.o(x$fpl$dadd) for __aeabi_dadd
    sd_trigno.o(i.SD_negative_half_sin) refers to dfix.o(x$fpl$dfix) for __aeabi_d2iz
    sd_trigno.o(i.SD_positive_half_sin) refers to dleqf.o(x$fpl$dleqf) for __aeabi_cdcmple
    sd_trigno.o(i.SD_positive_half_sin) refers to sd_trigno.o(i.deg_2_Rad) for deg_2_Rad
    sd_trigno.o(i.SD_positive_half_sin) refers to sd_trigno.o(i.sin) for sin
    sd_trigno.o(i.SD_positive_half_sin) refers to dmul.o(x$fpl$dmul) for __aeabi_dmul
    sd_trigno.o(i.SD_positive_half_sin) refers to daddsub_clz.o(x$fpl$dadd) for __aeabi_dadd
    sd_trigno.o(i.SD_positive_half_sin) refers to dfix.o(x$fpl$dfix) for __aeabi_d2iz
    sd_trigno.o(i.SD_sin) refers to dleqf.o(x$fpl$dleqf) for __aeabi_cdcmple
    sd_trigno.o(i.SD_sin) refers to sd_trigno.o(i.deg_2_Rad) for deg_2_Rad
    sd_trigno.o(i.SD_sin) refers to sd_trigno.o(i.sin) for sin
    sd_trigno.o(i.SD_sin) refers to dmul.o(x$fpl$dmul) for __aeabi_dmul
    sd_trigno.o(i.SD_sin) refers to daddsub_clz.o(x$fpl$dadd) for __aeabi_dadd
    sd_trigno.o(i.SD_sin) refers to dfix.o(x$fpl$dfix) for __aeabi_d2iz
    sd_trigno.o(i.cos) refers to dleqf.o(x$fpl$dleqf) for __aeabi_cdcmple
    sd_trigno.o(i.cos) refers to sd_trigno.o(i.sinus) for sinus
    sd_trigno.o(i.deg_2_Rad) refers to dmul.o(x$fpl$dmul) for __aeabi_dmul
    sd_trigno.o(i.sin) refers to sd_trigno.o(i.sinus) for sinus
    sd_trigno.o(i.sinus) refers to dleqf.o(x$fpl$dleqf) for __aeabi_cdcmple
    sd_trigno.o(i.sinus) refers to dmul.o(x$fpl$dmul) for __aeabi_dmul
    sd_trigno.o(i.sinus) refers to drleqf.o(x$fpl$drleqf) for __aeabi_cdrcmple
    sd_trigno.o(i.sinus) refers to sd_trigno.o(i.SD_modf) for SD_modf
    sd_trigno.o(i.sinus) refers to dflt_clz.o(x$fpl$dflt) for __aeabi_i2d
    sd_trigno.o(i.sinus) refers to daddsub_clz.o(x$fpl$dadd) for __aeabi_dadd
    sd_trigno.o(i.sinus) refers to daddsub_clz.o(x$fpl$drsb) for __aeabi_drsub
    sd_trigno.o(i.sinus) refers to dfix.o(x$fpl$dfix) for __aeabi_d2iz
    sd_trigno.o(i.sinus) refers to daddsub_clz.o(x$fpl$dsub) for __aeabi_dsub
    sd_trigno.o(i.sinus) refers to ddiv.o(x$fpl$ddiv) for __aeabi_ddiv
    sd_trigno.o(i.tan) refers to sd_trigno.o(i.cos) for cos
    sd_trigno.o(i.tan) refers to sd_trigno.o(i.sin) for sin
    sd_trigno.o(i.tan) refers to ddiv.o(x$fpl$ddiv) for __aeabi_ddiv
    startup_mk60d10.o(STACK) refers (Special) to heapauxi.o(.text) for __use_two_region_memory
    startup_mk60d10.o(HEAP) refers (Special) to heapauxi.o(.text) for __use_two_region_memory
    startup_mk60d10.o(RESET) refers (Special) to heapauxi.o(.text) for __use_two_region_memory
    startup_mk60d10.o(RESET) refers to startup_mk60d10.o(STACK) for __initial_sp
    startup_mk60d10.o(RESET) refers to startup_mk60d10.o(.text) for Reset_Handler
    startup_mk60d10.o(RESET) refers to osasm.o(.text) for SysTick_Handler
    startup_mk60d10.o(RESET) refers to sd_pit.o(i.PIT0_IRQHandler) for PIT0_IRQHandler
    startup_mk60d10.o(RESET) refers to sd_pit.o(i.PIT1_IRQHandler) for PIT1_IRQHandler
    startup_mk60d10.o(.ARM.__at_0x400) refers (Special) to heapauxi.o(.text) for __use_two_region_memory
    startup_mk60d10.o(.text) refers (Special) to heapauxi.o(.text) for __use_two_region_memory
    startup_mk60d10.o(.text) refers to system_mk60d10.o(i.SystemInit) for SystemInit
    startup_mk60d10.o(.text) refers to __main.o(!!!main) for __main
    startup_mk60d10.o(.text) refers to startup_mk60d10.o(HEAP) for Heap_Mem
    startup_mk60d10.o(.text) refers to startup_mk60d10.o(STACK) for Stack_Mem
    __main.o(!!!main) refers to __rtentry.o(.ARM.Collect$$rtentry$$00000000) for __rt_entry
    daddsub_clz.o(x$fpl$dadd) refers (Special) to usenofp.o(x$fpl$usenofp) for __I$use$fp
    daddsub_clz.o(x$fpl$dadd) refers to daddsub_clz.o(x$fpl$dsub) for _dsub1
    daddsub_clz.o(x$fpl$dadd) refers to dretinf.o(x$fpl$dretinf) for __fpl_dretinf
    daddsub_clz.o(x$fpl$dadd) refers to dnaninf.o(x$fpl$dnaninf) for __fpl_dnaninf
    daddsub_clz.o(x$fpl$drsb) refers (Special) to usenofp.o(x$fpl$usenofp) for __I$use$fp
    daddsub_clz.o(x$fpl$drsb) refers to daddsub_clz.o(x$fpl$dadd) for _dadd1
    daddsub_clz.o(x$fpl$drsb) refers to daddsub_clz.o(x$fpl$dsub) for _dsub1
    daddsub_clz.o(x$fpl$dsub) refers (Special) to usenofp.o(x$fpl$usenofp) for __I$use$fp
    daddsub_clz.o(x$fpl$dsub) refers to daddsub_clz.o(x$fpl$dadd) for _dadd1
    daddsub_clz.o(x$fpl$dsub) refers to dnaninf.o(x$fpl$dnaninf) for __fpl_dnaninf
    ddiv.o(x$fpl$drdiv) refers (Special) to usenofp.o(x$fpl$usenofp) for __I$use$fp
    ddiv.o(x$fpl$drdiv) refers to ddiv.o(x$fpl$ddiv) for ddiv_entry
    ddiv.o(x$fpl$ddiv) refers (Special) to usenofp.o(x$fpl$usenofp) for __I$use$fp
    ddiv.o(x$fpl$ddiv) refers to dretinf.o(x$fpl$dretinf) for __fpl_dretinf
    ddiv.o(x$fpl$ddiv) refers to dnaninf.o(x$fpl$dnaninf) for __fpl_dnaninf
    dfix.o(x$fpl$dfix) refers (Special) to usenofp.o(x$fpl$usenofp) for __I$use$fp
    dfix.o(x$fpl$dfix) refers to dnaninf.o(x$fpl$dnaninf) for __fpl_dnaninf
    dfix.o(x$fpl$dfixr) refers (Special) to usenofp.o(x$fpl$usenofp) for __I$use$fp
    dfix.o(x$fpl$dfixr) refers to dnaninf.o(x$fpl$dnaninf) for __fpl_dnaninf
    dflt_clz.o(x$fpl$dfltu) refers (Special) to usenofp.o(x$fpl$usenofp) for __I$use$fp
    dflt_clz.o(x$fpl$dflt) refers (Special) to usenofp.o(x$fpl$usenofp) for __I$use$fp
    dflt_clz.o(x$fpl$dfltn) refers (Special) to usenofp.o(x$fpl$usenofp) for __I$use$fp
    dleqf.o(x$fpl$dleqf) refers (Special) to usenofp.o(x$fpl$usenofp) for __I$use$fp
    dleqf.o(x$fpl$dleqf) refers to dnaninf.o(x$fpl$dnaninf) for __fpl_dnaninf
    dleqf.o(x$fpl$dleqf) refers to dcmpi.o(x$fpl$dcmpinf) for __fpl_dcmp_Inf
    dmul.o(x$fpl$dmul) refers (Special) to usenofp.o(x$fpl$usenofp) for __I$use$fp
    dmul.o(x$fpl$dmul) refers to dretinf.o(x$fpl$dretinf) for __fpl_dretinf
    dmul.o(x$fpl$dmul) refers to dnaninf.o(x$fpl$dnaninf) for __fpl_dnaninf
    drleqf.o(x$fpl$drleqf) refers (Special) to usenofp.o(x$fpl$usenofp) for __I$use$fp
    drleqf.o(x$fpl$drleqf) refers to dleqf.o(x$fpl$dleqf) for __fpl_dcmple_InfNaN
    __rtentry.o(.ARM.Collect$$rtentry$$00000000) refers (Special) to __rtentry2.o(.ARM.Collect$$rtentry$$0000000A) for __rt_entry_li
    __rtentry.o(.ARM.Collect$$rtentry$$00000000) refers (Special) to __rtentry2.o(.ARM.Collect$$rtentry$$0000000D) for __rt_entry_main
    __rtentry.o(.ARM.Collect$$rtentry$$00000000) refers (Special) to __rtentry2.o(.ARM.Collect$$rtentry$$0000000C) for __rt_entry_postli_1
    __rtentry.o(.ARM.Collect$$rtentry$$00000000) refers (Special) to __rtentry2.o(.ARM.Collect$$rtentry$$00000009) for __rt_entry_postsh_1
    __rtentry.o(.ARM.Collect$$rtentry$$00000000) refers (Special) to __rtentry2.o(.ARM.Collect$$rtentry$$00000002) for __rt_entry_presh_1
    __rtentry.o(.ARM.Collect$$rtentry$$00000000) refers (Special) to __rtentry4.o(.ARM.Collect$$rtentry$$00000004) for __rt_entry_sh
    dcmpi.o(x$fpl$dcmpinf) refers (Special) to usenofp.o(x$fpl$usenofp) for __I$use$fp
    dnaninf.o(x$fpl$dnaninf) refers (Special) to usenofp.o(x$fpl$usenofp) for __I$use$fp
    dretinf.o(x$fpl$dretinf) refers (Special) to usenofp.o(x$fpl$usenofp) for __I$use$fp
    __rtentry2.o(.ARM.Collect$$rtentry$$00000008) refers to boardinit2.o(.text) for _platform_post_stackheap_init
    __rtentry2.o(.ARM.Collect$$rtentry$$0000000A) refers to libinit.o(.ARM.Collect$$libinit$$00000000) for __rt_lib_init
    __rtentry2.o(.ARM.Collect$$rtentry$$0000000B) refers to boardinit3.o(.text) for _platform_post_lib_init
    __rtentry2.o(.ARM.Collect$$rtentry$$0000000D) refers to main.o(i.main) for main
    __rtentry2.o(.ARM.Collect$$rtentry$$0000000D) refers to exit.o(.text) for exit
    __rtentry2.o(.ARM.exidx) refers to __rtentry2.o(.ARM.Collect$$rtentry$$00000001) for .ARM.Collect$$rtentry$$00000001
    __rtentry2.o(.ARM.exidx) refers to __rtentry2.o(.ARM.Collect$$rtentry$$00000008) for .ARM.Collect$$rtentry$$00000008
    __rtentry2.o(.ARM.exidx) refers to __rtentry2.o(.ARM.Collect$$rtentry$$0000000A) for .ARM.Collect$$rtentry$$0000000A
    __rtentry2.o(.ARM.exidx) refers to __rtentry2.o(.ARM.Collect$$rtentry$$0000000B) for .ARM.Collect$$rtentry$$0000000B
    __rtentry2.o(.ARM.exidx) refers to __rtentry2.o(.ARM.Collect$$rtentry$$0000000D) for .ARM.Collect$$rtentry$$0000000D
    __rtentry4.o(.ARM.Collect$$rtentry$$00000004) refers to sys_stackheap_outer.o(.text) for __user_setup_stackheap
    __rtentry4.o(.ARM.exidx) refers to __rtentry4.o(.ARM.Collect$$rtentry$$00000004) for .ARM.Collect$$rtentry$$00000004
    sys_stackheap_outer.o(.text) refers to libspace.o(.text) for __user_perproc_libspace
    sys_stackheap_outer.o(.text) refers to startup_mk60d10.o(.text) for __user_initial_stackheap
    exit.o(.text) refers to rtexit.o(.ARM.Collect$$rtexit$$00000000) for __rt_exit
    libinit.o(.ARM.Collect$$libinit$$00000000) refers (Special) to libinit2.o(.ARM.Collect$$libinit$$0000002E) for __rt_lib_init_alloca_1
    libinit.o(.ARM.Collect$$libinit$$00000000) refers (Special) to libinit2.o(.ARM.Collect$$libinit$$0000002C) for __rt_lib_init_argv_1
    libinit.o(.ARM.Collect$$libinit$$00000000) refers (Special) to libinit2.o(.ARM.Collect$$libinit$$0000001B) for __rt_lib_init_atexit_1
    libinit.o(.ARM.Collect$$libinit$$00000000) refers (Special) to libinit2.o(.ARM.Collect$$libinit$$00000021) for __rt_lib_init_clock_1
    libinit.o(.ARM.Collect$$libinit$$00000000) refers (Special) to libinit2.o(.ARM.Collect$$libinit$$00000032) for __rt_lib_init_cpp_1
    libinit.o(.ARM.Collect$$libinit$$00000000) refers (Special) to libinit2.o(.ARM.Collect$$libinit$$00000030) for __rt_lib_init_exceptions_1
    libinit.o(.ARM.Collect$$libinit$$00000000) refers (Special) to libinit2.o(.ARM.Collect$$libinit$$00000002) for __rt_lib_init_fp_1
    libinit.o(.ARM.Collect$$libinit$$00000000) refers (Special) to libinit2.o(.ARM.Collect$$libinit$$0000001F) for __rt_lib_init_fp_trap_1
    libinit.o(.ARM.Collect$$libinit$$00000000) refers (Special) to libinit2.o(.ARM.Collect$$libinit$$00000023) for __rt_lib_init_getenv_1
    libinit.o(.ARM.Collect$$libinit$$00000000) refers (Special) to libinit2.o(.ARM.Collect$$libinit$$0000000A) for __rt_lib_init_heap_1
    libinit.o(.ARM.Collect$$libinit$$00000000) refers (Special) to libinit2.o(.ARM.Collect$$libinit$$00000011) for __rt_lib_init_lc_collate_1
    libinit.o(.ARM.Collect$$libinit$$00000000) refers (Special) to libinit2.o(.ARM.Collect$$libinit$$00000013) for __rt_lib_init_lc_ctype_1
    libinit.o(.ARM.Collect$$libinit$$00000000) refers (Special) to libinit2.o(.ARM.Collect$$libinit$$00000015) for __rt_lib_init_lc_monetary_1
    libinit.o(.ARM.Collect$$libinit$$00000000) refers (Special) to libinit2.o(.ARM.Collect$$libinit$$00000017) for __rt_lib_init_lc_numeric_1
    libinit.o(.ARM.Collect$$libinit$$00000000) refers (Special) to libinit2.o(.ARM.Collect$$libinit$$00000019) for __rt_lib_init_lc_time_1
    libinit.o(.ARM.Collect$$libinit$$00000000) refers (Special) to libinit2.o(.ARM.Collect$$libinit$$00000004) for __rt_lib_init_preinit_1
    libinit.o(.ARM.Collect$$libinit$$00000000) refers (Special) to libinit2.o(.ARM.Collect$$libinit$$0000000E) for __rt_lib_init_rand_1
    libinit.o(.ARM.Collect$$libinit$$00000000) refers (Special) to libinit2.o(.ARM.Collect$$libinit$$00000033) for __rt_lib_init_return
    libinit.o(.ARM.Collect$$libinit$$00000000) refers (Special) to libinit2.o(.ARM.Collect$$libinit$$0000001D) for __rt_lib_init_signal_1
    libinit.o(.ARM.Collect$$libinit$$00000000) refers (Special) to libinit2.o(.ARM.Collect$$libinit$$00000025) for __rt_lib_init_stdio_1
    libinit.o(.ARM.Collect$$libinit$$00000000) refers (Special) to libinit2.o(.ARM.Collect$$libinit$$0000000C) for __rt_lib_init_user_alloc_1
    libspace.o(.text) refers to libspace.o(.bss) for __libspace_start
    rtexit.o(.ARM.Collect$$rtexit$$00000000) refers (Special) to rtexit2.o(.ARM.Collect$$rtexit$$00000004) for __rt_exit_exit
    rtexit.o(.ARM.Collect$$rtexit$$00000000) refers (Special) to rtexit2.o(.ARM.Collect$$rtexit$$00000003) for __rt_exit_ls
    rtexit.o(.ARM.Collect$$rtexit$$00000000) refers (Special) to rtexit2.o(.ARM.Collect$$rtexit$$00000002) for __rt_exit_prels_1
    rtexit.o(.ARM.exidx) refers (Special) to rtexit2.o(.ARM.Collect$$rtexit$$00000004) for __rt_exit_exit
    rtexit.o(.ARM.exidx) refers (Special) to rtexit2.o(.ARM.Collect$$rtexit$$00000003) for __rt_exit_ls
    rtexit.o(.ARM.exidx) refers (Special) to rtexit2.o(.ARM.Collect$$rtexit$$00000002) for __rt_exit_prels_1
    rtexit.o(.ARM.exidx) refers to rtexit.o(.ARM.Collect$$rtexit$$00000000) for .ARM.Collect$$rtexit$$00000000
    libinit2.o(.ARM.Collect$$libinit$$00000010) refers to libinit2.o(.ARM.Collect$$libinit$$0000000F) for .ARM.Collect$$libinit$$0000000F
    libinit2.o(.ARM.Collect$$libinit$$00000012) refers to libinit2.o(.ARM.Collect$$libinit$$0000000F) for .ARM.Collect$$libinit$$0000000F
    libinit2.o(.ARM.Collect$$libinit$$00000014) refers to libinit2.o(.ARM.Collect$$libinit$$0000000F) for .ARM.Collect$$libinit$$0000000F
    libinit2.o(.ARM.Collect$$libinit$$00000016) refers to libinit2.o(.ARM.Collect$$libinit$$0000000F) for .ARM.Collect$$libinit$$0000000F
    libinit2.o(.ARM.Collect$$libinit$$00000018) refers to libinit2.o(.ARM.Collect$$libinit$$0000000F) for .ARM.Collect$$libinit$$0000000F
    libinit2.o(.ARM.Collect$$libinit$$00000026) refers to argv_veneer.o(.emb_text) for __ARM_argv_veneer
    libinit2.o(.ARM.Collect$$libinit$$00000027) refers to argv_veneer.o(.emb_text) for __ARM_argv_veneer
    rtexit2.o(.ARM.Collect$$rtexit$$00000003) refers to libshutdown.o(.ARM.Collect$$libshutdown$$00000000) for __rt_lib_shutdown
    rtexit2.o(.ARM.Collect$$rtexit$$00000004) refers to sys_exit.o(.text) for _sys_exit
    rtexit2.o(.ARM.exidx) refers to rtexit2.o(.ARM.Collect$$rtexit$$00000001) for .ARM.Collect$$rtexit$$00000001
    rtexit2.o(.ARM.exidx) refers to rtexit2.o(.ARM.Collect$$rtexit$$00000003) for .ARM.Collect$$rtexit$$00000003
    rtexit2.o(.ARM.exidx) refers to rtexit2.o(.ARM.Collect$$rtexit$$00000004) for .ARM.Collect$$rtexit$$00000004
    argv_veneer.o(.emb_text) refers to no_argv.o(.text) for __ARM_get_argv
    sys_exit.o(.text) refers (Special) to use_no_semi.o(.text) for __I$use$semihosting
    sys_exit.o(.text) refers (Special) to indicate_semi.o(.text) for __semihosting_library_function
    _get_argv_nomalloc.o(.text) refers (Special) to hrguard.o(.text) for __heap_region$guard
    _get_argv_nomalloc.o(.text) refers to defsig_rtmem_outer.o(.text) for __rt_SIGRTMEM
    _get_argv_nomalloc.o(.text) refers to sys_command.o(.text) for _sys_command_string
    libshutdown.o(.ARM.Collect$$libshutdown$$00000000) refers (Special) to libshutdown2.o(.ARM.Collect$$libshutdown$$00000002) for __rt_lib_shutdown_cpp_1
    libshutdown.o(.ARM.Collect$$libshutdown$$00000000) refers (Special) to libshutdown2.o(.ARM.Collect$$libshutdown$$00000007) for __rt_lib_shutdown_fp_trap_1
    libshutdown.o(.ARM.Collect$$libshutdown$$00000000) refers (Special) to libshutdown2.o(.ARM.Collect$$libshutdown$$0000000F) for __rt_lib_shutdown_heap_1
    libshutdown.o(.ARM.Collect$$libshutdown$$00000000) refers (Special) to libshutdown2.o(.ARM.Collect$$libshutdown$$00000010) for __rt_lib_shutdown_return
    libshutdown.o(.ARM.Collect$$libshutdown$$00000000) refers (Special) to libshutdown2.o(.ARM.Collect$$libshutdown$$0000000A) for __rt_lib_shutdown_signal_1
    libshutdown.o(.ARM.Collect$$libshutdown$$00000000) refers (Special) to libshutdown2.o(.ARM.Collect$$libshutdown$$00000004) for __rt_lib_shutdown_stdio_1
    libshutdown.o(.ARM.Collect$$libshutdown$$00000000) refers (Special) to libshutdown2.o(.ARM.Collect$$libshutdown$$0000000C) for __rt_lib_shutdown_user_alloc_1
    sys_command.o(.text) refers (Special) to use_no_semi.o(.text) for __I$use$semihosting
    sys_command.o(.text) refers (Special) to indicate_semi.o(.text) for __semihosting_library_function
    defsig_rtmem_outer.o(.text) refers to defsig_rtmem_inner.o(.text) for __rt_SIGRTMEM_inner
    defsig_rtmem_outer.o(.text) refers to defsig_exit.o(.text) for __sig_exit
    defsig_rtmem_formal.o(.text) refers to rt_raise.o(.text) for __rt_raise
    rt_raise.o(.text) refers to __raise.o(.text) for __raise
    rt_raise.o(.text) refers to sys_exit.o(.text) for _sys_exit
    defsig_exit.o(.text) refers to sys_exit.o(.text) for _sys_exit
    defsig_rtmem_inner.o(.text) refers to defsig_general.o(.text) for __default_signal_display
    __raise.o(.text) refers to defsig.o(CL$$defsig) for __default_signal_handler
    defsig_general.o(.text) refers to sys_wrch.o(.text) for _ttywrch
    sys_wrch.o(.text) refers (Special) to use_no_semi.o(.text) for __I$use$semihosting
    sys_wrch.o(.text) refers (Special) to indicate_semi.o(.text) for __semihosting_library_function
    defsig.o(CL$$defsig) refers to defsig_rtmem_inner.o(.text) for __rt_SIGRTMEM_inner
    defsig_abrt_inner.o(.text) refers to defsig_general.o(.text) for __default_signal_display
    defsig_fpe_inner.o(.text) refers to defsig_general.o(.text) for __default_signal_display
    defsig_rtred_inner.o(.text) refers to defsig_general.o(.text) for __default_signal_display
    defsig_stak_inner.o(.text) refers to defsig_general.o(.text) for __default_signal_display
    defsig_pvfn_inner.o(.text) refers to defsig_general.o(.text) for __default_signal_display
    defsig_cppl_inner.o(.text) refers to defsig_general.o(.text) for __default_signal_display
    defsig_segv_inner.o(.text) refers to defsig_general.o(.text) for __default_signal_display
    defsig_other.o(.text) refers to defsig_general.o(.text) for __default_signal_display


==============================================================================

Removing Unused input sections from the image.

    Removing main.o(i.Task1), (156 bytes).
    Removing main.o(i.Task2), (156 bytes).
    Removing main.o(i.Task3), (156 bytes).
    Removing main.o(i.Task4), (156 bytes).
    Removing main.o(i.Task5), (128 bytes).
    Removing main.o(i.convert), (18 bytes).
    Removing main.o(.data), (23 bytes).
    Removing os.o(i.OS_AddThreads), (124 bytes).
    Removing os.o(i.OS_Launch), (28 bytes).
    Removing os.o(i.SetInitialStack), (332 bytes).
    Removing os.o(.bss), (2040 bytes).
    Removing sd_adc.o(i.ADC_config), (26 bytes).
    Removing sd_adc.o(i.ADC_init), (72 bytes).
    Removing sd_adc.o(i.ADC_read), (18 bytes).
    Removing sd_adc.o(i.ADC_selfCal), (128 bytes).
    Removing sd_dac.o(i.DAC_init), (56 bytes).
    Removing sd_dac.o(i.DACx_Buff_write), (164 bytes).
    Removing sd_dac.o(i.DACx_init), (48 bytes).
    Removing sd_dac.o(i.DACx_register_reset), (48 bytes).
    Removing sd_dac.o(i.VREF_init), (48 bytes).
    Removing sd_flash.o(i.Erase_Flash_Block), (120 bytes).
    Removing sd_flash.o(i.Erase_Flash_Sector), (116 bytes).
    Removing sd_flash.o(i.Program_Flash_Sector), (100 bytes).
    Removing sd_flash.o(i.Program_Longword), (96 bytes).
    Removing sd_flash.o(i.Test_Program_Flash_RAM_Sector), (60 bytes).
    Removing sd_flash.o(i.flash_init), (20 bytes).
    Removing sd_gpio.o(i.LED_Dir_Out), (32 bytes).
    Removing sd_gpio.o(i.LEDs_On), (24 bytes).
    Removing sd_pit.o(i.PIT_init), (116 bytes).
    Removing sd_pit.o(i.SD_PIT_Get_Current_value), (16 bytes).
    Removing sd_pit.o(i.delayAdapter), (8 bytes).
    Removing sd_spi.o(i.SpiClockEnable), (72 bytes).
    Removing sd_spi.o(i.SpiClrFifoCounter), (18 bytes).
    Removing sd_spi.o(i.SpiDisable), (18 bytes).
    Removing sd_spi.o(i.SpiDisableTxInterrupt), (10 bytes).
    Removing sd_spi.o(i.SpiEnable), (12 bytes).
    Removing sd_spi.o(i.SpiEnableReceiver), (10 bytes).
    Removing sd_spi.o(i.SpiEnableRxInterrupt), (10 bytes).
    Removing sd_spi.o(i.SpiEnableTxInterrupt), (10 bytes).
    Removing sd_spi.o(i.SpiMasterTxRxByte), (70 bytes).
    Removing sd_spi.o(i.SpiNVICEnable), (56 bytes).
    Removing sd_spi.o(i.SpiSetBaudRate), (78 bytes).
    Removing sd_spi.o(i.SpiSetClockPhase), (10 bytes).
    Removing sd_spi.o(i.SpiSetClockPolarity), (10 bytes).
    Removing sd_spi.o(i.SpiSetDelayAfterCS), (16 bytes).
    Removing sd_spi.o(i.SpiSetDelayAfterPASC), (16 bytes).
    Removing sd_spi.o(i.SpiSetDelayAfterPCSSCK), (16 bytes).
    Removing sd_spi.o(i.SpiSetDelayAfterPDT), (16 bytes).
    Removing sd_spi.o(i.SpiSetDelayAfterSCK), (16 bytes).
    Removing sd_spi.o(i.SpiSetDelayAfterTX), (14 bytes).
    Removing sd_spi.o(i.SpiSetFrameSize), (12 bytes).
    Removing sd_spi.o(i.SpiSetMode), (20 bytes).
    Removing sd_spi.o(i.SpiSetPCS), (16 bytes).
    Removing sd_spi.o(i.SpiSetRxFifo), (20 bytes).
    Removing sd_spi.o(i.SpiSetShiftPriority), (10 bytes).
    Removing sd_spi.o(i.SpiSetTxFifo), (20 bytes).
    Removing sd_spi.o(i.spi_getbyte), (30 bytes).
    Removing sd_spi.o(i.spi_getlong), (28 bytes).
    Removing sd_spi.o(i.spi_getword), (30 bytes).
    Removing sd_spi.o(i.spi_init), (220 bytes).
    Removing sd_spi.o(i.spi_pin_init), (104 bytes).
    Removing sd_spi.o(i.spi_putbyte), (40 bytes).
    Removing sd_spi.o(i.spi_putlong), (40 bytes).
    Removing sd_spi.o(i.spi_putword), (40 bytes).
    Removing sd_spi.o(i.spi_receive_string), (28 bytes).
    Removing sd_spi.o(i.spi_send_string), (28 bytes).
    Removing sd_i2c.o(i.I2C_Ack), (34 bytes).
    Removing sd_i2c.o(i.Pause), (12 bytes).
    Removing sd_i2c.o(i.u8MMA7660ReadRegister), (184 bytes).
    Removing sd_tsi.o(i.TSI_isr), (468 bytes).
    Removing sd_tsi.o(.data), (66 bytes).
    Removing arm_cm4.o(i.set_irq_priority), (168 bytes).
    Removing arm_cm4.o(i.stop), (20 bytes).
    Removing arm_cm4.o(i.wait), (20 bytes).
    Removing arm_cm4.o(i.write_vtor), (12 bytes).
    Removing io.o(i.JTAG_UART_Init), (144 bytes).
    Removing io.o(i.char_present), (16 bytes).
    Removing io.o(i.in_char), (24 bytes).
    Removing printf.o(i.sprintf), (50 bytes).
    Removing stdlib.o(i.isalnum), (34 bytes).
    Removing stdlib.o(i.isdigit), (18 bytes).
    Removing stdlib.o(i.isspace), (18 bytes).
    Removing stdlib.o(i.isupper), (18 bytes).
    Removing stdlib.o(i.memcpy), (76 bytes).
    Removing stdlib.o(i.memset), (26 bytes).
    Removing stdlib.o(i.strcasecmp), (68 bytes).
    Removing stdlib.o(i.strcat), (46 bytes).
    Removing stdlib.o(i.strcmp), (42 bytes).
    Removing stdlib.o(i.strcpy), (32 bytes).
    Removing stdlib.o(i.strncasecmp), (76 bytes).
    Removing stdlib.o(i.strncat), (64 bytes).
    Removing stdlib.o(i.strncmp), (58 bytes).
    Removing stdlib.o(i.strncpy), (44 bytes).
    Removing stdlib.o(i.strtoul), (228 bytes).
    Removing uif.o(i.get_line), (120 bytes).
    Removing uif.o(i.get_value), (42 bytes).
    Removing uif.o(i.make_argv), (78 bytes).
    Removing uif.o(i.run_cmd), (220 bytes).
    Removing uif.o(i.uif_cmd_help), (100 bytes).
    Removing uif.o(i.uif_cmd_set), (280 bytes).
    Removing uif.o(i.uif_cmd_show), (240 bytes).
    Removing uif.o(.bss), (160 bytes).
    Removing uif.o(.constdata), (256 bytes).
    Removing sd_trigno.o(i.SD_modf), (58 bytes).
    Removing sd_trigno.o(i.SD_negative_half_sin), (204 bytes).
    Removing sd_trigno.o(i.SD_positive_half_sin), (204 bytes).
    Removing sd_trigno.o(i.SD_pwm), (16 bytes).
    Removing sd_trigno.o(i.SD_ramp), (10 bytes).
    Removing sd_trigno.o(i.SD_sin), (292 bytes).
    Removing sd_trigno.o(i.SD_step), (22 bytes).
    Removing sd_trigno.o(i.SD_step_InStep), (44 bytes).
    Removing sd_trigno.o(i.SD_triangular), (20 bytes).
    Removing sd_trigno.o(i.cos), (36 bytes).
    Removing sd_trigno.o(i.deg_2_Rad), (44 bytes).
    Removing sd_trigno.o(i.sin), (18 bytes).
    Removing sd_trigno.o(i.sinus), (560 bytes).
    Removing sd_trigno.o(i.tan), (50 bytes).

117 unused section(s) (total 10937 bytes) removed from the image.

==============================================================================

Image Symbol Table

    Local Symbols

    Symbol Name                              Value     Ov Type        Size  Object(Section)

    RESET                                    0x00000000   Section     1024  startup_mk60d10.o(RESET)
    ../clib/angel/boardlib.s                 0x00000000   Number         0  boardinit1.o ABSOLUTE
    ../clib/angel/boardlib.s                 0x00000000   Number         0  boardshut.o ABSOLUTE
    ../clib/angel/boardlib.s                 0x00000000   Number         0  boardinit2.o ABSOLUTE
    ../clib/angel/boardlib.s                 0x00000000   Number         0  boardinit3.o ABSOLUTE
    ../clib/angel/handlers.s                 0x00000000   Number         0  __scatter_copy.o ABSOLUTE
    ../clib/angel/handlers.s                 0x00000000   Number         0  __scatter_zi.o ABSOLUTE
    ../clib/angel/kernel.s                   0x00000000   Number         0  __rtentry4.o ABSOLUTE
    ../clib/angel/kernel.s                   0x00000000   Number         0  rtexit2.o ABSOLUTE
    ../clib/angel/kernel.s                   0x00000000   Number         0  __rtentry2.o ABSOLUTE
    ../clib/angel/kernel.s                   0x00000000   Number         0  __rtentry.o ABSOLUTE
    ../clib/angel/kernel.s                   0x00000000   Number         0  rtexit.o ABSOLUTE
    ../clib/angel/rt.s                       0x00000000   Number         0  rt_raise.o ABSOLUTE
    ../clib/angel/scatter.s                  0x00000000   Number         0  __scatter.o ABSOLUTE
    ../clib/angel/startup.s                  0x00000000   Number         0  __main.o ABSOLUTE
    ../clib/angel/sys.s                      0x00000000   Number         0  sys_stackheap_outer.o ABSOLUTE
    ../clib/angel/sys.s                      0x00000000   Number         0  indicate_semi.o ABSOLUTE
    ../clib/angel/sys.s                      0x00000000   Number         0  use_no_semi.o ABSOLUTE
    ../clib/angel/sys.s                      0x00000000   Number         0  libspace.o ABSOLUTE
    ../clib/angel/sysapp.c                   0x00000000   Number         0  sys_wrch.o ABSOLUTE
    ../clib/angel/sysapp.c                   0x00000000   Number         0  sys_command.o ABSOLUTE
    ../clib/angel/sysapp.c                   0x00000000   Number         0  sys_exit.o ABSOLUTE
    ../clib/armsys.c                         0x00000000   Number         0  _get_argv_nomalloc.o ABSOLUTE
    ../clib/armsys.c                         0x00000000   Number         0  argv_veneer.o ABSOLUTE
    ../clib/armsys.c                         0x00000000   Number         0  argv_veneer.o ABSOLUTE
    ../clib/armsys.c                         0x00000000   Number         0  no_argv.o ABSOLUTE
    ../clib/heapalloc.c                      0x00000000   Number         0  hrguard.o ABSOLUTE
    ../clib/heapaux.c                        0x00000000   Number         0  heapauxi.o ABSOLUTE
    ../clib/libinit.s                        0x00000000   Number         0  libshutdown2.o ABSOLUTE
    ../clib/libinit.s                        0x00000000   Number         0  libinit.o ABSOLUTE
    ../clib/libinit.s                        0x00000000   Number         0  libshutdown.o ABSOLUTE
    ../clib/libinit.s                        0x00000000   Number         0  libinit2.o ABSOLUTE
    ../clib/signal.c                         0x00000000   Number         0  defsig_rtmem_outer.o ABSOLUTE
    ../clib/signal.c                         0x00000000   Number         0  defsig_other.o ABSOLUTE
    ../clib/signal.c                         0x00000000   Number         0  defsig_segv_inner.o ABSOLUTE
    ../clib/signal.c                         0x00000000   Number         0  defsig_cppl_inner.o ABSOLUTE
    ../clib/signal.c                         0x00000000   Number         0  defsig_pvfn_inner.o ABSOLUTE
    ../clib/signal.c                         0x00000000   Number         0  defsig_stak_inner.o ABSOLUTE
    ../clib/signal.c                         0x00000000   Number         0  defsig_rtred_inner.o ABSOLUTE
    ../clib/signal.c                         0x00000000   Number         0  defsig_fpe_inner.o ABSOLUTE
    ../clib/signal.c                         0x00000000   Number         0  defsig_abrt_inner.o ABSOLUTE
    ../clib/signal.c                         0x00000000   Number         0  defsig_general.o ABSOLUTE
    ../clib/signal.c                         0x00000000   Number         0  __raise.o ABSOLUTE
    ../clib/signal.c                         0x00000000   Number         0  defsig_rtmem_inner.o ABSOLUTE
    ../clib/signal.c                         0x00000000   Number         0  defsig_exit.o ABSOLUTE
    ../clib/signal.c                         0x00000000   Number         0  defsig_rtmem_formal.o ABSOLUTE
    ../clib/signal.s                         0x00000000   Number         0  defsig.o ABSOLUTE
    ../clib/stdlib.c                         0x00000000   Number         0  exit.o ABSOLUTE
    ../fplib/daddsub.s                       0x00000000   Number         0  daddsub_clz.o ABSOLUTE
    ../fplib/dcmpi.s                         0x00000000   Number         0  dcmpi.o ABSOLUTE
    ../fplib/ddiv.s                          0x00000000   Number         0  ddiv.o ABSOLUTE
    ../fplib/dfix.s                          0x00000000   Number         0  dfix.o ABSOLUTE
    ../fplib/dflt.s                          0x00000000   Number         0  dflt_clz.o ABSOLUTE
    ../fplib/dleqf.s                         0x00000000   Number         0  dleqf.o ABSOLUTE
    ../fplib/dmul.s                          0x00000000   Number         0  dmul.o ABSOLUTE
    ../fplib/dnaninf.s                       0x00000000   Number         0  dnaninf.o ABSOLUTE
    ../fplib/dretinf.s                       0x00000000   Number         0  dretinf.o ABSOLUTE
    ../fplib/drleqf.s                        0x00000000   Number         0  drleqf.o ABSOLUTE
    ../fplib/fpinit.s                        0x00000000   Number         0  fpinit.o ABSOLUTE
    ../fplib/usenofp.s                       0x00000000   Number         0  usenofp.o ABSOLUTE
    Drivers\SD_ADC.c                         0x00000000   Number         0  sd_adc.o ABSOLUTE
    Drivers\SD_Clk.c                         0x00000000   Number         0  sd_clk.o ABSOLUTE
    Drivers\SD_DAC.c                         0x00000000   Number         0  sd_dac.o ABSOLUTE
    Drivers\SD_Delay.c                       0x00000000   Number         0  sd_delay.o ABSOLUTE
    Drivers\SD_Flash.c                       0x00000000   Number         0  sd_flash.o ABSOLUTE
    Drivers\SD_GPIO.c                        0x00000000   Number         0  sd_gpio.o ABSOLUTE
    Drivers\SD_I2C.c                         0x00000000   Number         0  sd_i2c.o ABSOLUTE
    Drivers\SD_PIT.c                         0x00000000   Number         0  sd_pit.o ABSOLUTE
    Drivers\SD_SPI.c                         0x00000000   Number         0  sd_spi.o ABSOLUTE
    Drivers\SD_TSI.c                         0x00000000   Number         0  sd_tsi.o ABSOLUTE
    Drivers\SD_UART.c                        0x00000000   Number         0  sd_uart.o ABSOLUTE
    Math\SD_trigno.c                         0x00000000   Number         0  sd_trigno.o ABSOLUTE
    RTE\Device\MK60DN512xxx10\startup_MK60D10.s 0x00000000   Number         0  startup_mk60d10.o ABSOLUTE
    RTE\Device\MK60DN512xxx10\system_MK60D10.c 0x00000000   Number         0  system_mk60d10.o ABSOLUTE
    common\arm_cm4.c                         0x00000000   Number         0  arm_cm4.o ABSOLUTE
    common\io.c                              0x00000000   Number         0  io.o ABSOLUTE
    common\printf.c                          0x00000000   Number         0  printf.o ABSOLUTE
    common\stdlib.c                          0x00000000   Number         0  stdlib.o ABSOLUTE
    common\uif.c                             0x00000000   Number         0  uif.o ABSOLUTE
    dc.s                                     0x00000000   Number         0  dc.o ABSOLUTE
    main.c                                   0x00000000   Number         0  main.o ABSOLUTE
    os.c                                     0x00000000   Number         0  os.o ABSOLUTE
    osasm.s                                  0x00000000   Number         0  osasm.o ABSOLUTE
    .ARM.__at_0x400                          0x00000400   Section       16  startup_mk60d10.o(.ARM.__at_0x400)
    !!!main                                  0x00000410   Section        8  __main.o(!!!main)
    !!!scatter                               0x00000418   Section       52  __scatter.o(!!!scatter)
    !!handler_copy                           0x0000044c   Section       26  __scatter_copy.o(!!handler_copy)
    !!handler_zi                             0x00000468   Section       28  __scatter_zi.o(!!handler_zi)
    .ARM.Collect$$libinit$$00000000          0x00000484   Section        2  libinit.o(.ARM.Collect$$libinit$$00000000)
    .ARM.Collect$$libinit$$00000002          0x00000486   Section        0  libinit2.o(.ARM.Collect$$libinit$$00000002)
    .ARM.Collect$$libinit$$00000004          0x00000486   Section        0  libinit2.o(.ARM.Collect$$libinit$$00000004)
    .ARM.Collect$$libinit$$0000000A          0x00000486   Section        0  libinit2.o(.ARM.Collect$$libinit$$0000000A)
    .ARM.Collect$$libinit$$0000000C          0x00000486   Section        0  libinit2.o(.ARM.Collect$$libinit$$0000000C)
    .ARM.Collect$$libinit$$0000000E          0x00000486   Section        0  libinit2.o(.ARM.Collect$$libinit$$0000000E)
    .ARM.Collect$$libinit$$00000011          0x00000486   Section        0  libinit2.o(.ARM.Collect$$libinit$$00000011)
    .ARM.Collect$$libinit$$00000013          0x00000486   Section        0  libinit2.o(.ARM.Collect$$libinit$$00000013)
    .ARM.Collect$$libinit$$00000015          0x00000486   Section        0  libinit2.o(.ARM.Collect$$libinit$$00000015)
    .ARM.Collect$$libinit$$00000017          0x00000486   Section        0  libinit2.o(.ARM.Collect$$libinit$$00000017)
    .ARM.Collect$$libinit$$00000019          0x00000486   Section        0  libinit2.o(.ARM.Collect$$libinit$$00000019)
    .ARM.Collect$$libinit$$0000001B          0x00000486   Section        0  libinit2.o(.ARM.Collect$$libinit$$0000001B)
    .ARM.Collect$$libinit$$0000001D          0x00000486   Section        0  libinit2.o(.ARM.Collect$$libinit$$0000001D)
    .ARM.Collect$$libinit$$0000001F          0x00000486   Section        0  libinit2.o(.ARM.Collect$$libinit$$0000001F)
    .ARM.Collect$$libinit$$00000021          0x00000486   Section        0  libinit2.o(.ARM.Collect$$libinit$$00000021)
    .ARM.Collect$$libinit$$00000023          0x00000486   Section        0  libinit2.o(.ARM.Collect$$libinit$$00000023)
    .ARM.Collect$$libinit$$00000025          0x00000486   Section        0  libinit2.o(.ARM.Collect$$libinit$$00000025)
    .ARM.Collect$$libinit$$0000002C          0x00000486   Section        0  libinit2.o(.ARM.Collect$$libinit$$0000002C)
    .ARM.Collect$$libinit$$0000002E          0x00000486   Section        0  libinit2.o(.ARM.Collect$$libinit$$0000002E)
    .ARM.Collect$$libinit$$00000030          0x00000486   Section        0  libinit2.o(.ARM.Collect$$libinit$$00000030)
    .ARM.Collect$$libinit$$00000032          0x00000486   Section        0  libinit2.o(.ARM.Collect$$libinit$$00000032)
    .ARM.Collect$$libinit$$00000033          0x00000486   Section        2  libinit2.o(.ARM.Collect$$libinit$$00000033)
    .ARM.Collect$$libshutdown$$00000000      0x00000488   Section        2  libshutdown.o(.ARM.Collect$$libshutdown$$00000000)
    .ARM.Collect$$libshutdown$$00000002      0x0000048a   Section        0  libshutdown2.o(.ARM.Collect$$libshutdown$$00000002)
    .ARM.Collect$$libshutdown$$00000004      0x0000048a   Section        0  libshutdown2.o(.ARM.Collect$$libshutdown$$00000004)
    .ARM.Collect$$libshutdown$$00000007      0x0000048a   Section        0  libshutdown2.o(.ARM.Collect$$libshutdown$$00000007)
    .ARM.Collect$$libshutdown$$0000000A      0x0000048a   Section        0  libshutdown2.o(.ARM.Collect$$libshutdown$$0000000A)
    .ARM.Collect$$libshutdown$$0000000C      0x0000048a   Section        0  libshutdown2.o(.ARM.Collect$$libshutdown$$0000000C)
    .ARM.Collect$$libshutdown$$0000000F      0x0000048a   Section        0  libshutdown2.o(.ARM.Collect$$libshutdown$$0000000F)
    .ARM.Collect$$libshutdown$$00000010      0x0000048a   Section        2  libshutdown2.o(.ARM.Collect$$libshutdown$$00000010)
    .ARM.Collect$$rtentry$$00000000          0x0000048c   Section        0  __rtentry.o(.ARM.Collect$$rtentry$$00000000)
    .ARM.Collect$$rtentry$$00000002          0x0000048c   Section        0  __rtentry2.o(.ARM.Collect$$rtentry$$00000002)
    .ARM.Collect$$rtentry$$00000004          0x0000048c   Section        6  __rtentry4.o(.ARM.Collect$$rtentry$$00000004)
    .ARM.Collect$$rtentry$$00000009          0x00000492   Section        0  __rtentry2.o(.ARM.Collect$$rtentry$$00000009)
    .ARM.Collect$$rtentry$$0000000A          0x00000492   Section        4  __rtentry2.o(.ARM.Collect$$rtentry$$0000000A)
    .ARM.Collect$$rtentry$$0000000C          0x00000496   Section        0  __rtentry2.o(.ARM.Collect$$rtentry$$0000000C)
    .ARM.Collect$$rtentry$$0000000D          0x00000496   Section        8  __rtentry2.o(.ARM.Collect$$rtentry$$0000000D)
    .ARM.Collect$$rtexit$$00000000           0x0000049e   Section        2  rtexit.o(.ARM.Collect$$rtexit$$00000000)
    .ARM.Collect$$rtexit$$00000002           0x000004a0   Section        0  rtexit2.o(.ARM.Collect$$rtexit$$00000002)
    .ARM.Collect$$rtexit$$00000003           0x000004a0   Section        4  rtexit2.o(.ARM.Collect$$rtexit$$00000003)
    .ARM.Collect$$rtexit$$00000004           0x000004a4   Section        6  rtexit2.o(.ARM.Collect$$rtexit$$00000004)
    .text                                    0x000004ac   Section       76  osasm.o(.text)
    .text                                    0x000004f8   Section       84  startup_mk60d10.o(.text)
    .text                                    0x0000054c   Section        0  heapauxi.o(.text)
    .text                                    0x00000552   Section       74  sys_stackheap_outer.o(.text)
    .text                                    0x0000059c   Section        0  exit.o(.text)
    .text                                    0x000005b0   Section        8  libspace.o(.text)
    .text                                    0x000005b8   Section        0  sys_exit.o(.text)
    .text                                    0x000005c4   Section        2  use_no_semi.o(.text)
    .text                                    0x000005c6   Section        0  indicate_semi.o(.text)
    i.I2C_Tx_init                            0x000005c6   Section        0  sd_i2c.o(i.I2C_Tx_init)
    i.I2C_init                               0x000005ec   Section        0  sd_i2c.o(i.I2C_init)
    i.MMA7660WriteRegister                   0x0000067c   Section        0  sd_i2c.o(i.MMA7660WriteRegister)
    i.OS_Init                                0x000006ec   Section        0  os.o(i.OS_Init)
    i.PIT0_CBR                               0x0000071c   Section        0  sd_pit.o(i.PIT0_CBR)
    i.PIT0_IRQHandler                        0x0000074c   Section        0  sd_pit.o(i.PIT0_IRQHandler)
    i.PIT1_CBR                               0x00000764   Section        0  sd_pit.o(i.PIT1_CBR)
    i.PIT1_IRQHandler                        0x00000794   Section        0  sd_pit.o(i.PIT1_IRQHandler)
    i.SDprint                                0x000007ac   Section        0  sd_uart.o(i.SDprint)
    i.SystemInit                             0x000007d0   Section        0  system_mk60d10.o(i.SystemInit)
    i.TSI_Init                               0x000007ec   Section        0  sd_tsi.o(i.TSI_Init)
    i.TSI_SelfCalibration                    0x00000848   Section        0  sd_tsi.o(i.TSI_SelfCalibration)
    i.disable_irq                            0x00000930   Section        0  arm_cm4.o(i.disable_irq)
    i.dprintf                                0x000009e4   Section        0  printf.o(i.dprintf)
    i.enable_irq                             0x00000a14   Section        0  arm_cm4.o(i.enable_irq)
    i.gpio_init                              0x00000b0c   Section        0  sd_gpio.o(i.gpio_init)
    i.lptmr_init                             0x00000b40   Section        0  sd_delay.o(i.lptmr_init)
    i.main                                   0x00000b50   Section        0  main.o(i.main)
    i.msDelay                                0x00000c9c   Section        0  sd_delay.o(i.msDelay)
    i.out_char                               0x00000cf0   Section        0  io.o(i.out_char)
    i.printk                                 0x00000d08   Section        0  printf.o(i.printk)
    i.printk_mknumstr                        0x0000118c   Section        0  printf.o(i.printk_mknumstr)
    printk_mknumstr                          0x0000118d   Thumb Code   140  printf.o(i.printk_mknumstr)
    i.printk_pad_space                       0x00001218   Section        0  printf.o(i.printk_pad_space)
    printk_pad_space                         0x00001219   Thumb Code    38  printf.o(i.printk_pad_space)
    i.printk_pad_zero                        0x0000123e   Section        0  printf.o(i.printk_pad_zero)
    printk_pad_zero                          0x0000123f   Thumb Code    38  printf.o(i.printk_pad_zero)
    i.printk_putc                            0x00001264   Section        0  printf.o(i.printk_putc)
    printk_putc                              0x00001265   Thumb Code    52  printf.o(i.printk_putc)
    i.set_sys_dividers                       0x00001298   Section        0  sd_clk.o(i.set_sys_dividers)
    i.strlen                                 0x000012d0   Section        0  stdlib.o(i.strlen)
    i.sys_clk_init                           0x000012f0   Section        0  sd_clk.o(i.sys_clk_init)
    i.uart5_init                             0x0000143c   Section        0  sd_uart.o(i.uart5_init)
    i.uart_port_init                         0x00001514   Section        0  sd_uart.o(i.uart_port_init)
    i.uart_putChar                           0x00001638   Section        0  sd_uart.o(i.uart_putChar)
    .data                                    0x20000000   Section        4  os.o(.data)
    .bss                                     0x20000004   Section       64  sd_tsi.o(.bss)
    .bss                                     0x20000044   Section       96  libspace.o(.bss)
    HEAP                                     0x200000a8   Section        0  startup_mk60d10.o(HEAP)
    STACK                                    0x200000a8   Section     1024  startup_mk60d10.o(STACK)
    Heap_Mem                                 0x200000a8   Data           0  startup_mk60d10.o(HEAP)
    Stack_Mem                                0x200000a8   Data        1024  startup_mk60d10.o(STACK)
    __initial_sp                             0x200004a8   Data           0  startup_mk60d10.o(STACK)

    Global Symbols

    Symbol Name                              Value     Ov Type        Size  Object(Section)

    BuildAttributes$$THM_ISAv4$E$P$D$K$B$S$7EM$PE$A:L22UL41UL21$X:L11$S22US41US21$IEEE1$IW$USESV6$~STKCKD$USESV7$~SHL$OSPACE$ROPI$EBA8$UX$STANDARDLIB$REQ8$PRES8$EABIv2 0x00000000   Number         0  anon$$obj.o ABSOLUTE
    __ARM_use_no_argv                        0x00000000   Number         0  main.o ABSOLUTE
    __Vectors                                0x00000000   Data           4  startup_mk60d10.o(RESET)
    __ARM_exceptions_init                     - Undefined Weak Reference
    __alloca_initialize                       - Undefined Weak Reference
    __arm_preinit_                            - Undefined Weak Reference
    __cpp_initialize__aeabi_                  - Undefined Weak Reference
    __cxa_finalize                            - Undefined Weak Reference
    __rt_locale                               - Undefined Weak Reference
    __sigvec_lookup                           - Undefined Weak Reference
    _atexit_init                              - Undefined Weak Reference
    _call_atexit_fns                          - Undefined Weak Reference
    _clock_init                               - Undefined Weak Reference
    _fp_trap_init                             - Undefined Weak Reference
    _fp_trap_shutdown                         - Undefined Weak Reference
    _get_lc_collate                           - Undefined Weak Reference
    _get_lc_ctype                             - Undefined Weak Reference
    _get_lc_monetary                          - Undefined Weak Reference
    _get_lc_numeric                           - Undefined Weak Reference
    _get_lc_time                              - Undefined Weak Reference
    _getenv_init                              - Undefined Weak Reference
    _handle_redirection                       - Undefined Weak Reference
    _init_alloc                               - Undefined Weak Reference
    _init_user_alloc                          - Undefined Weak Reference
    _initio                                   - Undefined Weak Reference
    _rand_init                                - Undefined Weak Reference
    _signal_finish                            - Undefined Weak Reference
    _signal_init                              - Undefined Weak Reference
    _terminate_alloc                          - Undefined Weak Reference
    _terminate_user_alloc                     - Undefined Weak Reference
    _terminateio                              - Undefined Weak Reference
    __Vectors_End                            0x00000400   Data           0  startup_mk60d10.o(RESET)
    __Vectors_Size                           0x00000400   Number         0  startup_mk60d10.o ABSOLUTE
    __main                                   0x00000411   Thumb Code     8  __main.o(!!!main)
    __scatterload                            0x00000419   Thumb Code     0  __scatter.o(!!!scatter)
    __scatterload_rt2                        0x00000419   Thumb Code    44  __scatter.o(!!!scatter)
    __scatterload_rt2_thumb_only             0x00000419   Thumb Code     0  __scatter.o(!!!scatter)
    __scatterload_null                       0x00000427   Thumb Code     0  __scatter.o(!!!scatter)
    __scatterload_copy                       0x0000044d   Thumb Code    26  __scatter_copy.o(!!handler_copy)
    __scatterload_zeroinit                   0x00000469   Thumb Code    28  __scatter_zi.o(!!handler_zi)
    __rt_lib_init                            0x00000485   Thumb Code     0  libinit.o(.ARM.Collect$$libinit$$00000000)
    __rt_lib_init_alloca_1                   0x00000487   Thumb Code     0  libinit2.o(.ARM.Collect$$libinit$$0000002E)
    __rt_lib_init_argv_1                     0x00000487   Thumb Code     0  libinit2.o(.ARM.Collect$$libinit$$0000002C)
    __rt_lib_init_atexit_1                   0x00000487   Thumb Code     0  libinit2.o(.ARM.Collect$$libinit$$0000001B)
    __rt_lib_init_clock_1                    0x00000487   Thumb Code     0  libinit2.o(.ARM.Collect$$libinit$$00000021)
    __rt_lib_init_cpp_1                      0x00000487   Thumb Code     0  libinit2.o(.ARM.Collect$$libinit$$00000032)
    __rt_lib_init_exceptions_1               0x00000487   Thumb Code     0  libinit2.o(.ARM.Collect$$libinit$$00000030)
    __rt_lib_init_fp_1                       0x00000487   Thumb Code     0  libinit2.o(.ARM.Collect$$libinit$$00000002)
    __rt_lib_init_fp_trap_1                  0x00000487   Thumb Code     0  libinit2.o(.ARM.Collect$$libinit$$0000001F)
    __rt_lib_init_getenv_1                   0x00000487   Thumb Code     0  libinit2.o(.ARM.Collect$$libinit$$00000023)
    __rt_lib_init_heap_1                     0x00000487   Thumb Code     0  libinit2.o(.ARM.Collect$$libinit$$0000000A)
    __rt_lib_init_lc_collate_1               0x00000487   Thumb Code     0  libinit2.o(.ARM.Collect$$libinit$$00000011)
    __rt_lib_init_lc_ctype_1                 0x00000487   Thumb Code     0  libinit2.o(.ARM.Collect$$libinit$$00000013)
    __rt_lib_init_lc_monetary_1              0x00000487   Thumb Code     0  libinit2.o(.ARM.Collect$$libinit$$00000015)
    __rt_lib_init_lc_numeric_1               0x00000487   Thumb Code     0  libinit2.o(.ARM.Collect$$libinit$$00000017)
    __rt_lib_init_lc_time_1                  0x00000487   Thumb Code     0  libinit2.o(.ARM.Collect$$libinit$$00000019)
    __rt_lib_init_preinit_1                  0x00000487   Thumb Code     0  libinit2.o(.ARM.Collect$$libinit$$00000004)
    __rt_lib_init_rand_1                     0x00000487   Thumb Code     0  libinit2.o(.ARM.Collect$$libinit$$0000000E)
    __rt_lib_init_return                     0x00000487   Thumb Code     0  libinit2.o(.ARM.Collect$$libinit$$00000033)
    __rt_lib_init_signal_1                   0x00000487   Thumb Code     0  libinit2.o(.ARM.Collect$$libinit$$0000001D)
    __rt_lib_init_stdio_1                    0x00000487   Thumb Code     0  libinit2.o(.ARM.Collect$$libinit$$00000025)
    __rt_lib_init_user_alloc_1               0x00000487   Thumb Code     0  libinit2.o(.ARM.Collect$$libinit$$0000000C)
    __rt_lib_shutdown                        0x00000489   Thumb Code     0  libshutdown.o(.ARM.Collect$$libshutdown$$00000000)
    __rt_lib_shutdown_cpp_1                  0x0000048b   Thumb Code     0  libshutdown2.o(.ARM.Collect$$libshutdown$$00000002)
    __rt_lib_shutdown_fp_trap_1              0x0000048b   Thumb Code     0  libshutdown2.o(.ARM.Collect$$libshutdown$$00000007)
    __rt_lib_shutdown_heap_1                 0x0000048b   Thumb Code     0  libshutdown2.o(.ARM.Collect$$libshutdown$$0000000F)
    __rt_lib_shutdown_return                 0x0000048b   Thumb Code     0  libshutdown2.o(.ARM.Collect$$libshutdown$$00000010)
    __rt_lib_shutdown_signal_1               0x0000048b   Thumb Code     0  libshutdown2.o(.ARM.Collect$$libshutdown$$0000000A)
    __rt_lib_shutdown_stdio_1                0x0000048b   Thumb Code     0  libshutdown2.o(.ARM.Collect$$libshutdown$$00000004)
    __rt_lib_shutdown_user_alloc_1           0x0000048b   Thumb Code     0  libshutdown2.o(.ARM.Collect$$libshutdown$$0000000C)
    __rt_entry                               0x0000048d   Thumb Code     0  __rtentry.o(.ARM.Collect$$rtentry$$00000000)
    __rt_entry_presh_1                       0x0000048d   Thumb Code     0  __rtentry2.o(.ARM.Collect$$rtentry$$00000002)
    __rt_entry_sh                            0x0000048d   Thumb Code     0  __rtentry4.o(.ARM.Collect$$rtentry$$00000004)
    __rt_entry_li                            0x00000493   Thumb Code     0  __rtentry2.o(.ARM.Collect$$rtentry$$0000000A)
    __rt_entry_postsh_1                      0x00000493   Thumb Code     0  __rtentry2.o(.ARM.Collect$$rtentry$$00000009)
    __rt_entry_main                          0x00000497   Thumb Code     0  __rtentry2.o(.ARM.Collect$$rtentry$$0000000D)
    __rt_entry_postli_1                      0x00000497   Thumb Code     0  __rtentry2.o(.ARM.Collect$$rtentry$$0000000C)
    __rt_exit                                0x0000049f   Thumb Code     0  rtexit.o(.ARM.Collect$$rtexit$$00000000)
    __rt_exit_ls                             0x000004a1   Thumb Code     0  rtexit2.o(.ARM.Collect$$rtexit$$00000003)
    __rt_exit_prels_1                        0x000004a1   Thumb Code     0  rtexit2.o(.ARM.Collect$$rtexit$$00000002)
    __rt_exit_exit                           0x000004a5   Thumb Code     0  rtexit2.o(.ARM.Collect$$rtexit$$00000004)
    OS_DisableInterrupts                     0x000004ad   Thumb Code     0  osasm.o(.text)
    OS_EnableInterrupts                      0x000004b1   Thumb Code     0  osasm.o(.text)
    SysTick_Handler                          0x000004b5   Thumb Code     0  osasm.o(.text)
    StartOS                                  0x000004d3   Thumb Code     0  osasm.o(.text)
    Reset_Handler                            0x000004f9   Thumb Code     8  startup_mk60d10.o(.text)
    NMI_Handler                              0x00000501   Thumb Code     2  startup_mk60d10.o(.text)
    HardFault_Handler                        0x00000503   Thumb Code     2  startup_mk60d10.o(.text)
    MemManage_Handler                        0x00000505   Thumb Code     2  startup_mk60d10.o(.text)
    BusFault_Handler                         0x00000507   Thumb Code     2  startup_mk60d10.o(.text)
    UsageFault_Handler                       0x00000509   Thumb Code     2  startup_mk60d10.o(.text)
    SVC_Handler                              0x0000050b   Thumb Code     2  startup_mk60d10.o(.text)
    DebugMon_Handler                         0x0000050d   Thumb Code     2  startup_mk60d10.o(.text)
    PendSV_Handler                           0x0000050f   Thumb Code     2  startup_mk60d10.o(.text)
    ADC0_IRQHandler                          0x00000513   Thumb Code     0  startup_mk60d10.o(.text)
    ADC1_IRQHandler                          0x00000513   Thumb Code     0  startup_mk60d10.o(.text)
    CAN0_Bus_Off_IRQHandler                  0x00000513   Thumb Code     0  startup_mk60d10.o(.text)
    CAN0_Error_IRQHandler                    0x00000513   Thumb Code     0  startup_mk60d10.o(.text)
    CAN0_ORed_Message_buffer_IRQHandler      0x00000513   Thumb Code     0  startup_mk60d10.o(.text)
    CAN0_Rx_Warning_IRQHandler               0x00000513   Thumb Code     0  startup_mk60d10.o(.text)
    CAN0_Tx_Warning_IRQHandler               0x00000513   Thumb Code     0  startup_mk60d10.o(.text)
    CAN0_Wake_Up_IRQHandler                  0x00000513   Thumb Code     0  startup_mk60d10.o(.text)
    CAN1_Bus_Off_IRQHandler                  0x00000513   Thumb Code     0  startup_mk60d10.o(.text)
    CAN1_Error_IRQHandler                    0x00000513   Thumb Code     0  startup_mk60d10.o(.text)
    CAN1_ORed_Message_buffer_IRQHandler      0x00000513   Thumb Code     0  startup_mk60d10.o(.text)
    CAN1_Rx_Warning_IRQHandler               0x00000513   Thumb Code     0  startup_mk60d10.o(.text)
    CAN1_Tx_Warning_IRQHandler               0x00000513   Thumb Code     0  startup_mk60d10.o(.text)
    CAN1_Wake_Up_IRQHandler                  0x00000513   Thumb Code     0  startup_mk60d10.o(.text)
    CMP0_IRQHandler                          0x00000513   Thumb Code     0  startup_mk60d10.o(.text)
    CMP1_IRQHandler                          0x00000513   Thumb Code     0  startup_mk60d10.o(.text)
    CMP2_IRQHandler                          0x00000513   Thumb Code     0  startup_mk60d10.o(.text)
    CMT_IRQHandler                           0x00000513   Thumb Code     0  startup_mk60d10.o(.text)
    DAC0_IRQHandler                          0x00000513   Thumb Code     0  startup_mk60d10.o(.text)
    DAC1_IRQHandler                          0x00000513   Thumb Code     0  startup_mk60d10.o(.text)
    DMA0_IRQHandler                          0x00000513   Thumb Code     0  startup_mk60d10.o(.text)
    DMA10_IRQHandler                         0x00000513   Thumb Code     0  startup_mk60d10.o(.text)
    DMA11_IRQHandler                         0x00000513   Thumb Code     0  startup_mk60d10.o(.text)
    DMA12_IRQHandler                         0x00000513   Thumb Code     0  startup_mk60d10.o(.text)
    DMA13_IRQHandler                         0x00000513   Thumb Code     0  startup_mk60d10.o(.text)
    DMA14_IRQHandler                         0x00000513   Thumb Code     0  startup_mk60d10.o(.text)
    DMA15_IRQHandler                         0x00000513   Thumb Code     0  startup_mk60d10.o(.text)
    DMA1_IRQHandler                          0x00000513   Thumb Code     0  startup_mk60d10.o(.text)
    DMA2_IRQHandler                          0x00000513   Thumb Code     0  startup_mk60d10.o(.text)
    DMA3_IRQHandler                          0x00000513   Thumb Code     0  startup_mk60d10.o(.text)
    DMA4_IRQHandler                          0x00000513   Thumb Code     0  startup_mk60d10.o(.text)
    DMA5_IRQHandler                          0x00000513   Thumb Code     0  startup_mk60d10.o(.text)
    DMA6_IRQHandler                          0x00000513   Thumb Code     0  startup_mk60d10.o(.text)
    DMA7_IRQHandler                          0x00000513   Thumb Code     0  startup_mk60d10.o(.text)
    DMA8_IRQHandler                          0x00000513   Thumb Code     0  startup_mk60d10.o(.text)
    DMA9_IRQHandler                          0x00000513   Thumb Code     0  startup_mk60d10.o(.text)
    DMA_Error_IRQHandler                     0x00000513   Thumb Code     0  startup_mk60d10.o(.text)
    DefaultISR                               0x00000513   Thumb Code     0  startup_mk60d10.o(.text)
    ENET_1588_Timer_IRQHandler               0x00000513   Thumb Code     0  startup_mk60d10.o(.text)
    ENET_Error_IRQHandler                    0x00000513   Thumb Code     0  startup_mk60d10.o(.text)
    ENET_Receive_IRQHandler                  0x00000513   Thumb Code     0  startup_mk60d10.o(.text)
    ENET_Transmit_IRQHandler                 0x00000513   Thumb Code     0  startup_mk60d10.o(.text)
    FTFL_IRQHandler                          0x00000513   Thumb Code     0  startup_mk60d10.o(.text)
    FTM0_IRQHandler                          0x00000513   Thumb Code     0  startup_mk60d10.o(.text)
    FTM1_IRQHandler                          0x00000513   Thumb Code     0  startup_mk60d10.o(.text)
    FTM2_IRQHandler                          0x00000513   Thumb Code     0  startup_mk60d10.o(.text)
    I2C0_IRQHandler                          0x00000513   Thumb Code     0  startup_mk60d10.o(.text)
    I2C1_IRQHandler                          0x00000513   Thumb Code     0  startup_mk60d10.o(.text)
    I2S0_Rx_IRQHandler                       0x00000513   Thumb Code     0  startup_mk60d10.o(.text)
    I2S0_Tx_IRQHandler                       0x00000513   Thumb Code     0  startup_mk60d10.o(.text)
    LLW_IRQHandler                           0x00000513   Thumb Code     0  startup_mk60d10.o(.text)
    LPTimer_IRQHandler                       0x00000513   Thumb Code     0  startup_mk60d10.o(.text)
    LVD_LVW_IRQHandler                       0x00000513   Thumb Code     0  startup_mk60d10.o(.text)
    MCG_IRQHandler                           0x00000513   Thumb Code     0  startup_mk60d10.o(.text)
    MCM_IRQHandler                           0x00000513   Thumb Code     0  startup_mk60d10.o(.text)
    PDB0_IRQHandler                          0x00000513   Thumb Code     0  startup_mk60d10.o(.text)
    PIT2_IRQHandler                          0x00000513   Thumb Code     0  startup_mk60d10.o(.text)
    PIT3_IRQHandler                          0x00000513   Thumb Code     0  startup_mk60d10.o(.text)
    PORTA_IRQHandler                         0x00000513   Thumb Code     0  startup_mk60d10.o(.text)
    PORTB_IRQHandler                         0x00000513   Thumb Code     0  startup_mk60d10.o(.text)
    PORTC_IRQHandler                         0x00000513   Thumb Code     0  startup_mk60d10.o(.text)
    PORTD_IRQHandler                         0x00000513   Thumb Code     0  startup_mk60d10.o(.text)
    PORTE_IRQHandler                         0x00000513   Thumb Code     0  startup_mk60d10.o(.text)
    RNG_IRQHandler                           0x00000513   Thumb Code     0  startup_mk60d10.o(.text)
    RTC_IRQHandler                           0x00000513   Thumb Code     0  startup_mk60d10.o(.text)
    RTC_Seconds_IRQHandler                   0x00000513   Thumb Code     0  startup_mk60d10.o(.text)
    Read_Collision_IRQHandler                0x00000513   Thumb Code     0  startup_mk60d10.o(.text)
    Reserved102_IRQHandler                   0x00000513   Thumb Code     0  startup_mk60d10.o(.text)
    Reserved108_IRQHandler                   0x00000513   Thumb Code     0  startup_mk60d10.o(.text)
    Reserved109_IRQHandler                   0x00000513   Thumb Code     0  startup_mk60d10.o(.text)
    Reserved111_IRQHandler                   0x00000513   Thumb Code     0  startup_mk60d10.o(.text)
    Reserved112_IRQHandler                   0x00000513   Thumb Code     0  startup_mk60d10.o(.text)
    Reserved113_IRQHandler                   0x00000513   Thumb Code     0  startup_mk60d10.o(.text)
    Reserved114_IRQHandler                   0x00000513   Thumb Code     0  startup_mk60d10.o(.text)
    Reserved115_IRQHandler                   0x00000513   Thumb Code     0  startup_mk60d10.o(.text)
    Reserved116_IRQHandler                   0x00000513   Thumb Code     0  startup_mk60d10.o(.text)
    Reserved117_IRQHandler                   0x00000513   Thumb Code     0  startup_mk60d10.o(.text)
    Reserved118_IRQHandler                   0x00000513   Thumb Code     0  startup_mk60d10.o(.text)
    Reserved119_IRQHandler                   0x00000513   Thumb Code     0  startup_mk60d10.o(.text)
    Reserved59_IRQHandler                    0x00000513   Thumb Code     0  startup_mk60d10.o(.text)
    Reserved95_IRQHandler                    0x00000513   Thumb Code     0  startup_mk60d10.o(.text)
    SDHC_IRQHandler                          0x00000513   Thumb Code     0  startup_mk60d10.o(.text)
    SPI0_IRQHandler                          0x00000513   Thumb Code     0  startup_mk60d10.o(.text)
    SPI1_IRQHandler                          0x00000513   Thumb Code     0  startup_mk60d10.o(.text)
    SPI2_IRQHandler                          0x00000513   Thumb Code     0  startup_mk60d10.o(.text)
    SWI_IRQHandler                           0x00000513   Thumb Code     0  startup_mk60d10.o(.text)
    TSI0_IRQHandler                          0x00000513   Thumb Code     0  startup_mk60d10.o(.text)
    UART0_ERR_IRQHandler                     0x00000513   Thumb Code     0  startup_mk60d10.o(.text)
    UART0_LON_IRQHandler                     0x00000513   Thumb Code     0  startup_mk60d10.o(.text)
    UART0_RX_TX_IRQHandler                   0x00000513   Thumb Code     0  startup_mk60d10.o(.text)
    UART1_ERR_IRQHandler                     0x00000513   Thumb Code     0  startup_mk60d10.o(.text)
    UART1_RX_TX_IRQHandler                   0x00000513   Thumb Code     0  startup_mk60d10.o(.text)
    UART2_ERR_IRQHandler                     0x00000513   Thumb Code     0  startup_mk60d10.o(.text)
    UART2_RX_TX_IRQHandler                   0x00000513   Thumb Code     0  startup_mk60d10.o(.text)
    UART3_ERR_IRQHandler                     0x00000513   Thumb Code     0  startup_mk60d10.o(.text)
    UART3_RX_TX_IRQHandler                   0x00000513   Thumb Code     0  startup_mk60d10.o(.text)
    UART4_ERR_IRQHandler                     0x00000513   Thumb Code     0  startup_mk60d10.o(.text)
    UART4_RX_TX_IRQHandler                   0x00000513   Thumb Code     0  startup_mk60d10.o(.text)
    UART5_ERR_IRQHandler                     0x00000513   Thumb Code     0  startup_mk60d10.o(.text)
    UART5_RX_TX_IRQHandler                   0x00000513   Thumb Code     0  startup_mk60d10.o(.text)
    USB0_IRQHandler                          0x00000513   Thumb Code     0  startup_mk60d10.o(.text)
    USBDCD_IRQHandler                        0x00000513   Thumb Code     0  startup_mk60d10.o(.text)
    Watchdog_IRQHandler                      0x00000513   Thumb Code     0  startup_mk60d10.o(.text)
    DisableInterrupts                        0x00000515   Thumb Code     0  startup_mk60d10.o(.text)
    EnableInterrupts                         0x00000519   Thumb Code     0  startup_mk60d10.o(.text)
    StartCritical                            0x0000051d   Thumb Code     0  startup_mk60d10.o(.text)
    EndCritical                              0x00000525   Thumb Code     0  startup_mk60d10.o(.text)
    WaitForInterrupt                         0x0000052b   Thumb Code     0  startup_mk60d10.o(.text)
    __user_initial_stackheap                 0x0000052f   Thumb Code     0  startup_mk60d10.o(.text)
    __use_two_region_memory                  0x0000054d   Thumb Code     2  heapauxi.o(.text)
    __rt_heap_escrow$2region                 0x0000054f   Thumb Code     2  heapauxi.o(.text)
    __rt_heap_expand$2region                 0x00000551   Thumb Code     2  heapauxi.o(.text)
    __user_setup_stackheap                   0x00000553   Thumb Code    74  sys_stackheap_outer.o(.text)
    exit                                     0x0000059d   Thumb Code    18  exit.o(.text)
    __user_libspace                          0x000005b1   Thumb Code     8  libspace.o(.text)
    __user_perproc_libspace                  0x000005b1   Thumb Code     0  libspace.o(.text)
    __user_perthread_libspace                0x000005b1   Thumb Code     0  libspace.o(.text)
    _sys_exit                                0x000005b9   Thumb Code     8  sys_exit.o(.text)
    __I$use$semihosting                      0x000005c5   Thumb Code     0  use_no_semi.o(.text)
    __use_no_semihosting_swi                 0x000005c5   Thumb Code     2  use_no_semi.o(.text)
    I2C_Tx_init                              0x000005c7   Thumb Code    36  sd_i2c.o(i.I2C_Tx_init)
    __semihosting_library_function           0x000005c7   Thumb Code     0  indicate_semi.o(.text)
    I2C_init                                 0x000005ed   Thumb Code   124  sd_i2c.o(i.I2C_init)
    MMA7660WriteRegister                     0x0000067d   Thumb Code   108  sd_i2c.o(i.MMA7660WriteRegister)
    OS_Init                                  0x000006ed   Thumb Code    44  os.o(i.OS_Init)
    PIT0_CBR                                 0x0000071d   Thumb Code    44  sd_pit.o(i.PIT0_CBR)
    PIT0_IRQHandler                          0x0000074d   Thumb Code    20  sd_pit.o(i.PIT0_IRQHandler)
    PIT1_CBR                                 0x00000765   Thumb Code    44  sd_pit.o(i.PIT1_CBR)
    PIT1_IRQHandler                          0x00000795   Thumb Code    20  sd_pit.o(i.PIT1_IRQHandler)
    SDprint                                  0x000007ad   Thumb Code    30  sd_uart.o(i.SDprint)
    SystemInit                               0x000007d1   Thumb Code    22  system_mk60d10.o(i.SystemInit)
    TSI_Init                                 0x000007ed   Thumb Code    74  sd_tsi.o(i.TSI_Init)
    TSI_SelfCalibration                      0x00000849   Thumb Code   216  sd_tsi.o(i.TSI_SelfCalibration)
    disable_irq                              0x00000931   Thumb Code   116  arm_cm4.o(i.disable_irq)
    dprintf                                  0x000009e5   Thumb Code    42  printf.o(i.dprintf)
    enable_irq                               0x00000a15   Thumb Code   182  arm_cm4.o(i.enable_irq)
    gpio_init                                0x00000b0d   Thumb Code    34  sd_gpio.o(i.gpio_init)
    lptmr_init                               0x00000b41   Thumb Code    12  sd_delay.o(i.lptmr_init)
    main                                     0x00000b51   Thumb Code   298  main.o(i.main)
    msDelay                                  0x00000c9d   Thumb Code    74  sd_delay.o(i.msDelay)
    out_char                                 0x00000cf1   Thumb Code    20  io.o(i.out_char)
    printk                                   0x00000d09   Thumb Code  1156  printf.o(i.printk)
    set_sys_dividers                         0x00001299   Thumb Code    52  sd_clk.o(i.set_sys_dividers)
    strlen                                   0x000012d1   Thumb Code    30  stdlib.o(i.strlen)
    sys_clk_init                             0x000012f1   Thumb Code   314  sd_clk.o(i.sys_clk_init)
    uart5_init                               0x0000143d   Thumb Code   200  sd_uart.o(i.uart5_init)
    uart_port_init                           0x00001515   Thumb Code   264  sd_uart.o(i.uart_port_init)
    uart_putChar                             0x00001639   Thumb Code    16  sd_uart.o(i.uart_putChar)
    Region$$Table$$Base                      0x00001648   Number         0  anon$$obj.o(Region$$Table)
    Region$$Table$$Limit                     0x00001668   Number         0  anon$$obj.o(Region$$Table)
    RunPt                                    0x20000000   Data           4  os.o(.data)
    g16ElectrodeTouch                        0x20000004   Data          32  sd_tsi.o(.bss)
    g16ElectrodeBaseline                     0x20000024   Data          32  sd_tsi.o(.bss)
    __libspace_start                         0x20000044   Data          96  libspace.o(.bss)
    __temporary_stack_top$libspace           0x200000a4   Data           0  libspace.o(.bss)



==============================================================================

Memory Map of the image

  Image Entry point : 0x000004f9

  Load Region LR_1 (Base: 0x00000000, Size: 0x0000166c, Max: 0xffffffff, ABSOLUTE)

    Execution Region ER_RO (Base: 0x00000000, Size: 0x00001668, Max: 0xffffffff, ABSOLUTE)

    Base Addr    Size         Type   Attr      Idx    E Section Name        Object

    0x00000000   0x00000400   Data   RO         1121    RESET               startup_mk60d10.o
    0x00000400   0x00000010   Code   RO         1122    .ARM.__at_0x400     startup_mk60d10.o
    0x00000410   0x00000008   Code   RO         1148  * !!!main             c_w.l(__main.o)
    0x00000418   0x00000034   Code   RO         1338    !!!scatter          c_w.l(__scatter.o)
    0x0000044c   0x0000001a   Code   RO         1340    !!handler_copy      c_w.l(__scatter_copy.o)
    0x00000466   0x00000002   PAD
    0x00000468   0x0000001c   Code   RO         1342    !!handler_zi        c_w.l(__scatter_zi.o)
    0x00000484   0x00000002   Code   RO         1208    .ARM.Collect$$libinit$$00000000  c_w.l(libinit.o)
    0x00000486   0x00000000   Code   RO         1215    .ARM.Collect$$libinit$$00000002  c_w.l(libinit2.o)
    0x00000486   0x00000000   Code   RO         1217    .ARM.Collect$$libinit$$00000004  c_w.l(libinit2.o)
    0x00000486   0x00000000   Code   RO         1220    .ARM.Collect$$libinit$$0000000A  c_w.l(libinit2.o)
    0x00000486   0x00000000   Code   RO         1222    .ARM.Collect$$libinit$$0000000C  c_w.l(libinit2.o)
    0x00000486   0x00000000   Code   RO         1224    .ARM.Collect$$libinit$$0000000E  c_w.l(libinit2.o)
    0x00000486   0x00000000   Code   RO         1227    .ARM.Collect$$libinit$$00000011  c_w.l(libinit2.o)
    0x00000486   0x00000000   Code   RO         1229    .ARM.Collect$$libinit$$00000013  c_w.l(libinit2.o)
    0x00000486   0x00000000   Code   RO         1231    .ARM.Collect$$libinit$$00000015  c_w.l(libinit2.o)
    0x00000486   0x00000000   Code   RO         1233    .ARM.Collect$$libinit$$00000017  c_w.l(libinit2.o)
    0x00000486   0x00000000   Code   RO         1235    .ARM.Collect$$libinit$$00000019  c_w.l(libinit2.o)
    0x00000486   0x00000000   Code   RO         1237    .ARM.Collect$$libinit$$0000001B  c_w.l(libinit2.o)
    0x00000486   0x00000000   Code   RO         1239    .ARM.Collect$$libinit$$0000001D  c_w.l(libinit2.o)
    0x00000486   0x00000000   Code   RO         1241    .ARM.Collect$$libinit$$0000001F  c_w.l(libinit2.o)
    0x00000486   0x00000000   Code   RO         1243    .ARM.Collect$$libinit$$00000021  c_w.l(libinit2.o)
    0x00000486   0x00000000   Code   RO         1245    .ARM.Collect$$libinit$$00000023  c_w.l(libinit2.o)
    0x00000486   0x00000000   Code   RO         1247    .ARM.Collect$$libinit$$00000025  c_w.l(libinit2.o)
    0x00000486   0x00000000   Code   RO         1251    .ARM.Collect$$libinit$$0000002C  c_w.l(libinit2.o)
    0x00000486   0x00000000   Code   RO         1253    .ARM.Collect$$libinit$$0000002E  c_w.l(libinit2.o)
    0x00000486   0x00000000   Code   RO         1255    .ARM.Collect$$libinit$$00000030  c_w.l(libinit2.o)
    0x00000486   0x00000000   Code   RO         1257    .ARM.Collect$$libinit$$00000032  c_w.l(libinit2.o)
    0x00000486   0x00000002   Code   RO         1258    .ARM.Collect$$libinit$$00000033  c_w.l(libinit2.o)
    0x00000488   0x00000002   Code   RO         1278    .ARM.Collect$$libshutdown$$00000000  c_w.l(libshutdown.o)
    0x0000048a   0x00000000   Code   RO         1291    .ARM.Collect$$libshutdown$$00000002  c_w.l(libshutdown2.o)
    0x0000048a   0x00000000   Code   RO         1293    .ARM.Collect$$libshutdown$$00000004  c_w.l(libshutdown2.o)
    0x0000048a   0x00000000   Code   RO         1296    .ARM.Collect$$libshutdown$$00000007  c_w.l(libshutdown2.o)
    0x0000048a   0x00000000   Code   RO         1299    .ARM.Collect$$libshutdown$$0000000A  c_w.l(libshutdown2.o)
    0x0000048a   0x00000000   Code   RO         1301    .ARM.Collect$$libshutdown$$0000000C  c_w.l(libshutdown2.o)
    0x0000048a   0x00000000   Code   RO         1304    .ARM.Collect$$libshutdown$$0000000F  c_w.l(libshutdown2.o)
    0x0000048a   0x00000002   Code   RO         1305    .ARM.Collect$$libshutdown$$00000010  c_w.l(libshutdown2.o)
    0x0000048c   0x00000000   Code   RO         1176    .ARM.Collect$$rtentry$$00000000  c_w.l(__rtentry.o)
    0x0000048c   0x00000000   Code   RO         1185    .ARM.Collect$$rtentry$$00000002  c_w.l(__rtentry2.o)
    0x0000048c   0x00000006   Code   RO         1197    .ARM.Collect$$rtentry$$00000004  c_w.l(__rtentry4.o)
    0x00000492   0x00000000   Code   RO         1187    .ARM.Collect$$rtentry$$00000009  c_w.l(__rtentry2.o)
    0x00000492   0x00000004   Code   RO         1188    .ARM.Collect$$rtentry$$0000000A  c_w.l(__rtentry2.o)
    0x00000496   0x00000000   Code   RO         1190    .ARM.Collect$$rtentry$$0000000C  c_w.l(__rtentry2.o)
    0x00000496   0x00000008   Code   RO         1191    .ARM.Collect$$rtentry$$0000000D  c_w.l(__rtentry2.o)
    0x0000049e   0x00000002   Code   RO         1212    .ARM.Collect$$rtexit$$00000000  c_w.l(rtexit.o)
    0x000004a0   0x00000000   Code   RO         1260    .ARM.Collect$$rtexit$$00000002  c_w.l(rtexit2.o)
    0x000004a0   0x00000004   Code   RO         1261    .ARM.Collect$$rtexit$$00000003  c_w.l(rtexit2.o)
    0x000004a4   0x00000006   Code   RO         1262    .ARM.Collect$$rtexit$$00000004  c_w.l(rtexit2.o)
    0x000004aa   0x00000002   PAD
    0x000004ac   0x0000004c   Code   RO          142    .text               osasm.o
    0x000004f8   0x00000054   Code   RO         1123  * .text               startup_mk60d10.o
    0x0000054c   0x00000006   Code   RO         1146    .text               c_w.l(heapauxi.o)
    0x00000552   0x0000004a   Code   RO         1199    .text               c_w.l(sys_stackheap_outer.o)
    0x0000059c   0x00000012   Code   RO         1201    .text               c_w.l(exit.o)
    0x000005ae   0x00000002   PAD
    0x000005b0   0x00000008   Code   RO         1209    .text               c_w.l(libspace.o)
    0x000005b8   0x0000000c   Code   RO         1270    .text               c_w.l(sys_exit.o)
    0x000005c4   0x00000002   Code   RO         1281    .text               c_w.l(use_no_semi.o)
    0x000005c6   0x00000000   Code   RO         1283    .text               c_w.l(indicate_semi.o)
    0x000005c6   0x00000024   Code   RO          651    i.I2C_Tx_init       sd_i2c.o
    0x000005ea   0x00000002   PAD
    0x000005ec   0x00000090   Code   RO          652    i.I2C_init          sd_i2c.o
    0x0000067c   0x00000070   Code   RO          653    i.MMA7660WriteRegister  sd_i2c.o
    0x000006ec   0x00000030   Code   RO          103    i.OS_Init           os.o
    0x0000071c   0x00000030   Code   RO          347    i.PIT0_CBR          sd_pit.o
    0x0000074c   0x00000018   Code   RO          348    i.PIT0_IRQHandler   sd_pit.o
    0x00000764   0x00000030   Code   RO          349    i.PIT1_CBR          sd_pit.o
    0x00000794   0x00000018   Code   RO          350    i.PIT1_IRQHandler   sd_pit.o
    0x000007ac   0x00000024   Code   RO          398    i.SDprint           sd_uart.o
    0x000007d0   0x0000001c   Code   RO         1129    i.SystemInit        system_mk60d10.o
    0x000007ec   0x0000005c   Code   RO          695    i.TSI_Init          sd_tsi.o
    0x00000848   0x000000e8   Code   RO          696    i.TSI_SelfCalibration  sd_tsi.o
    0x00000930   0x000000b4   Code   RO          727    i.disable_irq       arm_cm4.o
    0x000009e4   0x00000030   Code   RO          811    i.dprintf           printf.o
    0x00000a14   0x000000f8   Code   RO          728    i.enable_irq        arm_cm4.o
    0x00000b0c   0x00000034   Code   RO          319    i.gpio_init         sd_gpio.o
    0x00000b40   0x00000010   Code   RO          251    i.lptmr_init        sd_delay.o
    0x00000b50   0x0000014c   Code   RO            7    i.main              main.o
    0x00000c9c   0x00000054   Code   RO          252    i.msDelay           sd_delay.o
    0x00000cf0   0x00000018   Code   RO          784    i.out_char          io.o
    0x00000d08   0x00000484   Code   RO          812    i.printk            printf.o
    0x0000118c   0x0000008c   Code   RO          813    i.printk_mknumstr   printf.o
    0x00001218   0x00000026   Code   RO          814    i.printk_pad_space  printf.o
    0x0000123e   0x00000026   Code   RO          815    i.printk_pad_zero   printf.o
    0x00001264   0x00000034   Code   RO          816    i.printk_putc       printf.o
    0x00001298   0x00000038   Code   RO          182    i.set_sys_dividers  sd_clk.o
    0x000012d0   0x0000001e   Code   RO          865    i.strlen            stdlib.o
    0x000012ee   0x00000002   PAD
    0x000012f0   0x0000014c   Code   RO          183    i.sys_clk_init      sd_clk.o
    0x0000143c   0x000000d8   Code   RO          399    i.uart5_init        sd_uart.o
    0x00001514   0x00000124   Code   RO          400    i.uart_port_init    sd_uart.o
    0x00001638   0x00000010   Code   RO          401    i.uart_putChar      sd_uart.o
    0x00001648   0x00000020   Data   RO         1336    Region$$Table       anon$$obj.o


    Execution Region ER_RW (Base: 0x20000000, Size: 0x00000004, Max: 0xffffffff, ABSOLUTE)

    Base Addr    Size         Type   Attr      Idx    E Section Name        Object

    0x20000000   0x00000004   Data   RW          107    .data               os.o


    Execution Region ER_ZI (Base: 0x20000004, Size: 0x000004a4, Max: 0xffffffff, ABSOLUTE)

    Base Addr    Size         Type   Attr      Idx    E Section Name        Object

    0x20000004   0x00000040   Zero   RW          698    .bss                sd_tsi.o
    0x20000044   0x00000060   Zero   RW         1210    .bss                c_w.l(libspace.o)
    0x200000a4   0x00000004   PAD
    0x200000a8   0x00000000   Zero   RW         1120    HEAP                startup_mk60d10.o
    0x200000a8   0x00000400   Zero   RW         1119    STACK               startup_mk60d10.o


==============================================================================

Image component sizes


      Code (inc. data)   RO Data    RW Data    ZI Data      Debug   Object Name

       428        130          0          0          0       1023   arm_cm4.o
        24          4          0          0          0        403   io.o
       332         34          0          0          0       5239   main.o
        48          4          0          4          0       1954   os.o
        76          6          0          0          0        244   osasm.o
      1472         26          0          0          0       5963   printf.o
         0          0          0          0          0     420960   sd_adc.o
       388         22          0          0          0       1274   sd_clk.o
       100         14          0          0          0        851   sd_delay.o
        52         18          0          0          0        380   sd_gpio.o
       292         24          0          0          0       1688   sd_i2c.o
       144         16          0          0          0       1578   sd_pit.o
       324         34          0          0         64       1536   sd_tsi.o
       560         50          0          0          0       2167   sd_uart.o
       100         36       1024          0       1024       1008   startup_mk60d10.o
        30          0          0          0          0        585   stdlib.o
        28          6          0          0          0        433   system_mk60d10.o

    ----------------------------------------------------------------------
      4402        424       1056          4       1088     447286   Object Totals
         0          0         32          0          0          0   (incl. Generated)
         4          0          0          0          0          0   (incl. Padding)

    ----------------------------------------------------------------------

      Code (inc. data)   RO Data    RW Data    ZI Data      Debug   Library Member Name

         8          0          0          0          0         68   __main.o
         0          0          0          0          0          0   __rtentry.o
        12          0          0          0          0          0   __rtentry2.o
         6          0          0          0          0          0   __rtentry4.o
        52          8          0          0          0          0   __scatter.o
        26          0          0          0          0          0   __scatter_copy.o
        28          0          0          0          0          0   __scatter_zi.o
        18          0          0          0          0         80   exit.o
         6          0          0          0          0        152   heapauxi.o
         0          0          0          0          0          0   indicate_semi.o
         2          0          0          0          0          0   libinit.o
         2          0          0          0          0          0   libinit2.o
         2          0          0          0          0          0   libshutdown.o
         2          0          0          0          0          0   libshutdown2.o
         8          4          0          0         96         68   libspace.o
         2          0          0          0          0          0   rtexit.o
        10          0          0          0          0          0   rtexit2.o
        12          4          0          0          0         68   sys_exit.o
        74          0          0          0          0         80   sys_stackheap_outer.o
         2          0          0          0          0         68   use_no_semi.o

    ----------------------------------------------------------------------
       278         16          0          0        100        584   Library Totals
         6          0          0          0          4          0   (incl. Padding)

    ----------------------------------------------------------------------

      Code (inc. data)   RO Data    RW Data    ZI Data      Debug   Library Name

       272         16          0          0         96        584   c_w.l

    ----------------------------------------------------------------------
       278         16          0          0        100        584   Library Totals

    ----------------------------------------------------------------------

==============================================================================


      Code (inc. data)   RO Data    RW Data    ZI Data      Debug   

      4680        440       1056          4       1188     446254   Grand Totals
      4680        440       1056          4       1188     446254   ELF Image Totals
      4680        440       1056          4          0          0   ROM Totals

==============================================================================

    Total RO  Size (Code + RO Data)                 5736 (   5.60kB)
    Total RW  Size (RW Data + ZI Data)              1192 (   1.16kB)
    Total ROM Size (Code + RO Data + RW Data)       5740 (   5.61kB)

==============================================================================

